<?xml version="1.0" encoding="ISO-8859-1" ?>
<link_info>
   <banner>TI ARM Linker Unix v18.12.2.LTS</banner>
   <copyright>Copyright (c) 1996-2018 Texas Instruments Incorporated</copyright>
   <link_time>0x5dd435c4</link_time>
   <link_errors>0x0</link_errors>
   <output_file>IFFF.out</output_file>
   <entry_point>
      <name>_c_int00_noargs</name>
      <address>0x6d85</address>
   </entry_point>
   <input_file_list>
      <input_file id="fl-2">
         <path>./</path>
         <kind>object</kind>
         <file>main.obj</file>
         <name>main.obj</name>
      </input_file>
      <input_file id="fl-3">
         <path>./</path>
         <kind>object</kind>
         <file>tm4c123gh6pm_startup_ccs.obj</file>
         <name>tm4c123gh6pm_startup_ccs.obj</name>
      </input_file>
      <input_file id="fl-4">
         <path>./FreeRTOS/Source/</path>
         <kind>object</kind>
         <file>croutine.obj</file>
         <name>croutine.obj</name>
      </input_file>
      <input_file id="fl-5">
         <path>./FreeRTOS/Source/</path>
         <kind>object</kind>
         <file>event_groups.obj</file>
         <name>event_groups.obj</name>
      </input_file>
      <input_file id="fl-6">
         <path>./FreeRTOS/Source/</path>
         <kind>object</kind>
         <file>list.obj</file>
         <name>list.obj</name>
      </input_file>
      <input_file id="fl-7">
         <path>./FreeRTOS/Source/</path>
         <kind>object</kind>
         <file>queue.obj</file>
         <name>queue.obj</name>
      </input_file>
      <input_file id="fl-8">
         <path>./FreeRTOS/Source/</path>
         <kind>object</kind>
         <file>stream_buffer.obj</file>
         <name>stream_buffer.obj</name>
      </input_file>
      <input_file id="fl-9">
         <path>./FreeRTOS/Source/</path>
         <kind>object</kind>
         <file>tasks.obj</file>
         <name>tasks.obj</name>
      </input_file>
      <input_file id="fl-a">
         <path>./FreeRTOS/Source/</path>
         <kind>object</kind>
         <file>timers.obj</file>
         <name>timers.obj</name>
      </input_file>
      <input_file id="fl-b">
         <path>./FreeRTOS/Source/portable/CCS/ARM_CM4F/</path>
         <kind>object</kind>
         <file>port.obj</file>
         <name>port.obj</name>
      </input_file>
      <input_file id="fl-c">
         <path>./FreeRTOS/Source/portable/CCS/ARM_CM4F/</path>
         <kind>object</kind>
         <file>portasm.obj</file>
         <name>portasm.obj</name>
      </input_file>
      <input_file id="fl-d">
         <path>./FreeRTOS/Source/portable/MemMang/</path>
         <kind>object</kind>
         <file>heap_4.obj</file>
         <name>heap_4.obj</name>
      </input_file>
      <input_file id="fl-e">
         <path>./src/</path>
         <kind>object</kind>
         <file>led.obj</file>
         <name>led.obj</name>
      </input_file>
      <input_file id="fl-f">
         <path>./src/</path>
         <kind>object</kind>
         <file>main_motor_control.obj</file>
         <name>main_motor_control.obj</name>
      </input_file>
      <input_file id="fl-10">
         <path>./src/</path>
         <kind>object</kind>
         <file>motor_control.obj</file>
         <name>motor_control.obj</name>
      </input_file>
      <input_file id="fl-11">
         <path>./tivaware_c_series_2_1_4_178/driverlib/</path>
         <kind>object</kind>
         <file>adc.obj</file>
         <name>adc.obj</name>
      </input_file>
      <input_file id="fl-12">
         <path>./tivaware_c_series_2_1_4_178/driverlib/</path>
         <kind>object</kind>
         <file>aes.obj</file>
         <name>aes.obj</name>
      </input_file>
      <input_file id="fl-13">
         <path>./tivaware_c_series_2_1_4_178/driverlib/</path>
         <kind>object</kind>
         <file>can.obj</file>
         <name>can.obj</name>
      </input_file>
      <input_file id="fl-14">
         <path>./tivaware_c_series_2_1_4_178/driverlib/</path>
         <kind>object</kind>
         <file>comp.obj</file>
         <name>comp.obj</name>
      </input_file>
      <input_file id="fl-15">
         <path>./tivaware_c_series_2_1_4_178/driverlib/</path>
         <kind>object</kind>
         <file>cpu.obj</file>
         <name>cpu.obj</name>
      </input_file>
      <input_file id="fl-16">
         <path>./tivaware_c_series_2_1_4_178/driverlib/</path>
         <kind>object</kind>
         <file>crc.obj</file>
         <name>crc.obj</name>
      </input_file>
      <input_file id="fl-17">
         <path>./tivaware_c_series_2_1_4_178/driverlib/</path>
         <kind>object</kind>
         <file>des.obj</file>
         <name>des.obj</name>
      </input_file>
      <input_file id="fl-18">
         <path>./tivaware_c_series_2_1_4_178/driverlib/</path>
         <kind>object</kind>
         <file>eeprom.obj</file>
         <name>eeprom.obj</name>
      </input_file>
      <input_file id="fl-19">
         <path>./tivaware_c_series_2_1_4_178/driverlib/</path>
         <kind>object</kind>
         <file>emac.obj</file>
         <name>emac.obj</name>
      </input_file>
      <input_file id="fl-1a">
         <path>./tivaware_c_series_2_1_4_178/driverlib/</path>
         <kind>object</kind>
         <file>epi.obj</file>
         <name>epi.obj</name>
      </input_file>
      <input_file id="fl-1b">
         <path>./tivaware_c_series_2_1_4_178/driverlib/</path>
         <kind>object</kind>
         <file>epi_workaround_ccs.obj</file>
         <name>epi_workaround_ccs.obj</name>
      </input_file>
      <input_file id="fl-1c">
         <path>./tivaware_c_series_2_1_4_178/driverlib/</path>
         <kind>object</kind>
         <file>flash.obj</file>
         <name>flash.obj</name>
      </input_file>
      <input_file id="fl-1d">
         <path>./tivaware_c_series_2_1_4_178/driverlib/</path>
         <kind>object</kind>
         <file>fpu.obj</file>
         <name>fpu.obj</name>
      </input_file>
      <input_file id="fl-1e">
         <path>./tivaware_c_series_2_1_4_178/driverlib/</path>
         <kind>object</kind>
         <file>gpio.obj</file>
         <name>gpio.obj</name>
      </input_file>
      <input_file id="fl-1f">
         <path>./tivaware_c_series_2_1_4_178/driverlib/</path>
         <kind>object</kind>
         <file>hibernate.obj</file>
         <name>hibernate.obj</name>
      </input_file>
      <input_file id="fl-20">
         <path>./tivaware_c_series_2_1_4_178/driverlib/</path>
         <kind>object</kind>
         <file>i2c.obj</file>
         <name>i2c.obj</name>
      </input_file>
      <input_file id="fl-21">
         <path>./tivaware_c_series_2_1_4_178/driverlib/</path>
         <kind>object</kind>
         <file>interrupt.obj</file>
         <name>interrupt.obj</name>
      </input_file>
      <input_file id="fl-22">
         <path>./tivaware_c_series_2_1_4_178/driverlib/</path>
         <kind>object</kind>
         <file>lcd.obj</file>
         <name>lcd.obj</name>
      </input_file>
      <input_file id="fl-23">
         <path>./tivaware_c_series_2_1_4_178/driverlib/</path>
         <kind>object</kind>
         <file>mpu.obj</file>
         <name>mpu.obj</name>
      </input_file>
      <input_file id="fl-24">
         <path>./tivaware_c_series_2_1_4_178/driverlib/</path>
         <kind>object</kind>
         <file>onewire.obj</file>
         <name>onewire.obj</name>
      </input_file>
      <input_file id="fl-25">
         <path>./tivaware_c_series_2_1_4_178/driverlib/</path>
         <kind>object</kind>
         <file>pwm.obj</file>
         <name>pwm.obj</name>
      </input_file>
      <input_file id="fl-26">
         <path>./tivaware_c_series_2_1_4_178/driverlib/</path>
         <kind>object</kind>
         <file>qei.obj</file>
         <name>qei.obj</name>
      </input_file>
      <input_file id="fl-27">
         <path>./tivaware_c_series_2_1_4_178/driverlib/</path>
         <kind>object</kind>
         <file>shamd5.obj</file>
         <name>shamd5.obj</name>
      </input_file>
      <input_file id="fl-28">
         <path>./tivaware_c_series_2_1_4_178/driverlib/</path>
         <kind>object</kind>
         <file>ssi.obj</file>
         <name>ssi.obj</name>
      </input_file>
      <input_file id="fl-29">
         <path>./tivaware_c_series_2_1_4_178/driverlib/</path>
         <kind>object</kind>
         <file>sw_crc.obj</file>
         <name>sw_crc.obj</name>
      </input_file>
      <input_file id="fl-2a">
         <path>./tivaware_c_series_2_1_4_178/driverlib/</path>
         <kind>object</kind>
         <file>sysctl.obj</file>
         <name>sysctl.obj</name>
      </input_file>
      <input_file id="fl-2b">
         <path>./tivaware_c_series_2_1_4_178/driverlib/</path>
         <kind>object</kind>
         <file>sysexc.obj</file>
         <name>sysexc.obj</name>
      </input_file>
      <input_file id="fl-2c">
         <path>./tivaware_c_series_2_1_4_178/driverlib/</path>
         <kind>object</kind>
         <file>systick.obj</file>
         <name>systick.obj</name>
      </input_file>
      <input_file id="fl-2d">
         <path>./tivaware_c_series_2_1_4_178/driverlib/</path>
         <kind>object</kind>
         <file>timer.obj</file>
         <name>timer.obj</name>
      </input_file>
      <input_file id="fl-2e">
         <path>./tivaware_c_series_2_1_4_178/driverlib/</path>
         <kind>object</kind>
         <file>uart.obj</file>
         <name>uart.obj</name>
      </input_file>
      <input_file id="fl-2f">
         <path>./tivaware_c_series_2_1_4_178/driverlib/</path>
         <kind>object</kind>
         <file>udma.obj</file>
         <name>udma.obj</name>
      </input_file>
      <input_file id="fl-30">
         <path>./tivaware_c_series_2_1_4_178/driverlib/</path>
         <kind>object</kind>
         <file>usb.obj</file>
         <name>usb.obj</name>
      </input_file>
      <input_file id="fl-31">
         <path>./tivaware_c_series_2_1_4_178/driverlib/</path>
         <kind>object</kind>
         <file>watchdog.obj</file>
         <name>watchdog.obj</name>
      </input_file>
      <input_file id="fl-3a">
         <kind>object</kind>
         <file>&lt;internal&gt;</file>
         <name>&lt;internal&gt;</name>
      </input_file>
      <input_file id="fl-f0">
         <path>/home/jack/ti/ccs910/ccs/tools/compiler/ti-cgt-arm_18.12.2.LTS/lib/</path>
         <kind>archive</kind>
         <file>rtsv7M4_T_le_v4SPD16_eabi.lib</file>
         <name>memset_t2.asm.obj</name>
      </input_file>
      <input_file id="fl-f1">
         <path>/home/jack/ti/ccs910/ccs/tools/compiler/ti-cgt-arm_18.12.2.LTS/lib/</path>
         <kind>archive</kind>
         <file>rtsv7M4_T_le_v4SPD16_eabi.lib</file>
         <name>memcpy_t2.asm.obj</name>
      </input_file>
      <input_file id="fl-f2">
         <path>/home/jack/ti/ccs910/ccs/tools/compiler/ti-cgt-arm_18.12.2.LTS/lib/</path>
         <kind>archive</kind>
         <file>rtsv7M4_T_le_v4SPD16_eabi.lib</file>
         <name>copy_zero_init.c.obj</name>
      </input_file>
      <input_file id="fl-f3">
         <path>/home/jack/ti/ccs910/ccs/tools/compiler/ti-cgt-arm_18.12.2.LTS/lib/</path>
         <kind>archive</kind>
         <file>rtsv7M4_T_le_v4SPD16_eabi.lib</file>
         <name>copy_decompress_none.c.obj</name>
      </input_file>
      <input_file id="fl-f4">
         <path>/home/jack/ti/ccs910/ccs/tools/compiler/ti-cgt-arm_18.12.2.LTS/lib/</path>
         <kind>archive</kind>
         <file>rtsv7M4_T_le_v4SPD16_eabi.lib</file>
         <name>copy_decompress_lzss.c.obj</name>
      </input_file>
      <input_file id="fl-f5">
         <path>/home/jack/ti/ccs910/ccs/tools/compiler/ti-cgt-arm_18.12.2.LTS/lib/</path>
         <kind>archive</kind>
         <file>rtsv7M4_T_le_v4SPD16_eabi.lib</file>
         <name>strlen.c.obj</name>
      </input_file>
      <input_file id="fl-f6">
         <path>/home/jack/ti/ccs910/ccs/tools/compiler/ti-cgt-arm_18.12.2.LTS/lib/</path>
         <kind>archive</kind>
         <file>rtsv7M4_T_le_v4SPD16_eabi.lib</file>
         <name>boot_cortex_m.c.obj</name>
      </input_file>
      <input_file id="fl-f7">
         <path>/home/jack/ti/ccs910/ccs/tools/compiler/ti-cgt-arm_18.12.2.LTS/lib/</path>
         <kind>archive</kind>
         <file>rtsv7M4_T_le_v4SPD16_eabi.lib</file>
         <name>autoinit.c.obj</name>
      </input_file>
      <input_file id="fl-f8">
         <path>/home/jack/ti/ccs910/ccs/tools/compiler/ti-cgt-arm_18.12.2.LTS/lib/</path>
         <kind>archive</kind>
         <file>rtsv7M4_T_le_v4SPD16_eabi.lib</file>
         <name>pre_init.c.obj</name>
      </input_file>
      <input_file id="fl-f9">
         <path>/home/jack/ti/ccs910/ccs/tools/compiler/ti-cgt-arm_18.12.2.LTS/lib/</path>
         <kind>archive</kind>
         <file>rtsv7M4_T_le_v4SPD16_eabi.lib</file>
         <name>cpy_tbl.c.obj</name>
      </input_file>
      <input_file id="fl-fa">
         <path>/home/jack/ti/ccs910/ccs/tools/compiler/ti-cgt-arm_18.12.2.LTS/lib/</path>
         <kind>archive</kind>
         <file>rtsv7M4_T_le_v4SPD16_eabi.lib</file>
         <name>exit.c.obj</name>
      </input_file>
      <input_file id="fl-fb">
         <path>/home/jack/ti/ccs910/ccs/tools/compiler/ti-cgt-arm_18.12.2.LTS/lib/</path>
         <kind>archive</kind>
         <file>rtsv7M4_T_le_v4SPD16_eabi.lib</file>
         <name>_lock.c.obj</name>
      </input_file>
      <input_file id="fl-fc">
         <path>/home/jack/ti/ccs910/ccs/tools/compiler/ti-cgt-arm_18.12.2.LTS/lib/</path>
         <kind>archive</kind>
         <file>rtsv7M4_T_le_v4SPD16_eabi.lib</file>
         <name>args_main.c.obj</name>
      </input_file>
   </input_file_list>
   <object_component_list>
      <object_component id="oc-f">
         <name>.intvecs</name>
         <load_address>0x0</load_address>
         <run_address>0x0</run_address>
         <size>0x26c</size>
         <input_file_ref idref="fl-3"/>
      </object_component>
      <object_component id="oc-7c">
         <name>.text</name>
         <load_address>0x26c</load_address>
         <run_address>0x26c</run_address>
         <size>0x1ca8</size>
         <input_file_ref idref="fl-9"/>
      </object_component>
      <object_component id="oc-144">
         <name>.text</name>
         <load_address>0x1f14</load_address>
         <run_address>0x1f14</run_address>
         <size>0x1198</size>
         <input_file_ref idref="fl-7"/>
      </object_component>
      <object_component id="oc-138">
         <name>.text</name>
         <load_address>0x30ac</load_address>
         <run_address>0x30ac</run_address>
         <size>0xf80</size>
         <input_file_ref idref="fl-2a"/>
      </object_component>
      <object_component id="oc-207">
         <name>.text</name>
         <load_address>0x402c</load_address>
         <run_address>0x402c</run_address>
         <size>0xb94</size>
         <input_file_ref idref="fl-1e"/>
      </object_component>
      <object_component id="oc-f3">
         <name>.text</name>
         <load_address>0x4bc0</load_address>
         <run_address>0x4bc0</run_address>
         <size>0x8a0</size>
         <input_file_ref idref="fl-a"/>
      </object_component>
      <object_component id="oc-20d">
         <name>.text</name>
         <load_address>0x5460</load_address>
         <run_address>0x5460</run_address>
         <size>0x718</size>
         <input_file_ref idref="fl-25"/>
      </object_component>
      <object_component id="oc-1e5">
         <name>.text</name>
         <load_address>0x5b78</load_address>
         <run_address>0x5b78</run_address>
         <size>0x3c0</size>
         <input_file_ref idref="fl-21"/>
      </object_component>
      <object_component id="oc-db">
         <name>.text</name>
         <load_address>0x5f38</load_address>
         <run_address>0x5f38</run_address>
         <size>0x36c</size>
         <input_file_ref idref="fl-d"/>
      </object_component>
      <object_component id="oc-13e">
         <name>.text</name>
         <load_address>0x62a4</load_address>
         <run_address>0x62a4</run_address>
         <size>0x2cc</size>
         <input_file_ref idref="fl-10"/>
      </object_component>
      <object_component id="oc-2f">
         <name>.text</name>
         <load_address>0x6570</load_address>
         <run_address>0x6570</run_address>
         <size>0x2b4</size>
         <input_file_ref idref="fl-b"/>
      </object_component>
      <object_component id="oc-e1">
         <name>.text</name>
         <load_address>0x6824</load_address>
         <run_address>0x6824</run_address>
         <size>0x132</size>
         <input_file_ref idref="fl-6"/>
      </object_component>
      <object_component id="oc-bf">
         <name>.text</name>
         <load_address>0x6958</load_address>
         <run_address>0x6958</run_address>
         <size>0xf8</size>
         <input_file_ref idref="fl-2"/>
      </object_component>
      <object_component id="oc-2a">
         <name>.text</name>
         <load_address>0x6a50</load_address>
         <run_address>0x6a50</run_address>
         <size>0xda</size>
         <input_file_ref idref="fl-c"/>
      </object_component>
      <object_component id="oc-43">
         <name>.text</name>
         <load_address>0x6b2a</load_address>
         <run_address>0x6b2a</run_address>
         <size>0x9c</size>
         <input_file_ref idref="fl-f1"/>
      </object_component>
      <object_component id="oc-b3">
         <name>.text</name>
         <load_address>0x6bc6</load_address>
         <run_address>0x6bc6</run_address>
         <size>0x7a</size>
         <input_file_ref idref="fl-f0"/>
      </object_component>
      <object_component id="oc-12">
         <name>.text:decompress:lzss:__TI_decompress_lzss</name>
         <load_address>0x6c40</load_address>
         <run_address>0x6c40</run_address>
         <size>0x68</size>
         <input_file_ref idref="fl-f4"/>
      </object_component>
      <object_component id="oc-14b">
         <name>.text</name>
         <load_address>0x6ca8</load_address>
         <run_address>0x6ca8</run_address>
         <size>0x58</size>
         <input_file_ref idref="fl-e"/>
      </object_component>
      <object_component id="oc-15e">
         <name>.text:__TI_auto_init_nobinit_nopinit:__TI_auto_init_nobinit_nopinit</name>
         <load_address>0x6d00</load_address>
         <run_address>0x6d00</run_address>
         <size>0x44</size>
         <input_file_ref idref="fl-f7"/>
      </object_component>
      <object_component id="oc-1eb">
         <name>.text</name>
         <load_address>0x6d44</load_address>
         <run_address>0x6d44</run_address>
         <size>0x3e</size>
         <input_file_ref idref="fl-15"/>
      </object_component>
      <object_component id="oc-61">
         <name>.text:_c_int00_noargs:_c_int00_noargs</name>
         <load_address>0x6d84</load_address>
         <run_address>0x6d84</run_address>
         <size>0x34</size>
         <input_file_ref idref="fl-f6"/>
      </object_component>
      <object_component id="oc-fc">
         <name>.text:strlen</name>
         <load_address>0x6db8</load_address>
         <run_address>0x6db8</run_address>
         <size>0x14</size>
         <input_file_ref idref="fl-f5"/>
      </object_component>
      <object_component id="oc-18">
         <name>.text:decompress:none:__TI_decompress_none</name>
         <load_address>0x6dcc</load_address>
         <run_address>0x6dcc</run_address>
         <size>0xe</size>
         <input_file_ref idref="fl-f3"/>
      </object_component>
      <object_component id="oc-55">
         <name>.text:decompress:ZI:__TI_zero_init</name>
         <load_address>0x6dda</load_address>
         <run_address>0x6dda</run_address>
         <size>0xc</size>
         <input_file_ref idref="fl-f2"/>
      </object_component>
      <object_component id="oc-24">
         <name>.text</name>
         <load_address>0x6de6</load_address>
         <run_address>0x6de6</run_address>
         <size>0xc</size>
         <input_file_ref idref="fl-3"/>
      </object_component>
      <object_component id="oc-1fa">
         <name>.text:SysCtlDelay</name>
         <load_address>0x6df2</load_address>
         <run_address>0x6df2</run_address>
         <size>0x6</size>
         <input_file_ref idref="fl-2a"/>
      </object_component>
      <object_component id="oc-b9">
         <name>.text:_system_pre_init</name>
         <load_address>0x6df8</load_address>
         <run_address>0x6df8</run_address>
         <size>0x4</size>
         <input_file_ref idref="fl-f8"/>
      </object_component>
      <object_component id="oc-152">
         <name>.text:abort:abort</name>
         <load_address>0x6dfc</load_address>
         <run_address>0x6dfc</run_address>
         <size>0x4</size>
         <input_file_ref idref="fl-fa"/>
      </object_component>
      <object_component id="oc-1f7">
         <name>.const:g_pppui32XTALtoVCO</name>
         <load_address>0x6e00</load_address>
         <run_address>0x6e00</run_address>
         <size>0x1b0</size>
         <input_file_ref idref="fl-2a"/>
      </object_component>
      <object_component id="oc-28f">
         <name>.const:g_ppui32GPIOIntMapSnowflake</name>
         <load_address>0x6fb0</load_address>
         <run_address>0x6fb0</run_address>
         <size>0xd8</size>
         <input_file_ref idref="fl-1e"/>
      </object_component>
      <object_component id="oc-28c">
         <name>.const:g_ppui32GPIOIntMapBlizzard</name>
         <load_address>0x7088</load_address>
         <run_address>0x7088</run_address>
         <size>0xc0</size>
         <input_file_ref idref="fl-1e"/>
      </object_component>
      <object_component id="oc-26e">
         <name>.const:g_pui32Regs</name>
         <load_address>0x7148</load_address>
         <run_address>0x7148</run_address>
         <size>0x9c</size>
         <input_file_ref idref="fl-21"/>
      </object_component>
      <object_component id="oc-292">
         <name>.const:g_pui32GPIOBaseAddrs</name>
         <load_address>0x71e4</load_address>
         <run_address>0x71e4</run_address>
         <size>0x90</size>
         <input_file_ref idref="fl-1e"/>
      </object_component>
      <object_component id="oc-1f1">
         <name>.const:g_pui32Xtals</name>
         <load_address>0x7274</load_address>
         <run_address>0x7274</run_address>
         <size>0x6c</size>
         <input_file_ref idref="fl-2a"/>
      </object_component>
      <object_component id="oc-1e2">
         <name>.const:g_sXTALtoMEMTIM</name>
         <load_address>0x72e0</load_address>
         <run_address>0x72e0</run_address>
         <size>0x30</size>
         <input_file_ref idref="fl-2a"/>
      </object_component>
      <object_component id="oc-26b">
         <name>.const:g_pui32Priority</name>
         <load_address>0x7310</load_address>
         <run_address>0x7310</run_address>
         <size>0x20</size>
         <input_file_ref idref="fl-21"/>
      </object_component>
      <object_component id="oc-274">
         <name>.const:g_pui32Dii16Regs</name>
         <load_address>0x7330</load_address>
         <run_address>0x7330</run_address>
         <size>0x14</size>
         <input_file_ref idref="fl-21"/>
      </object_component>
      <object_component id="oc-271">
         <name>.const:g_pui32EnRegs</name>
         <load_address>0x7344</load_address>
         <run_address>0x7344</run_address>
         <size>0x14</size>
         <input_file_ref idref="fl-21"/>
      </object_component>
      <object_component id="oc-277">
         <name>.const:g_pui32PendRegs</name>
         <load_address>0x7358</load_address>
         <run_address>0x7358</run_address>
         <size>0x14</size>
         <input_file_ref idref="fl-21"/>
      </object_component>
      <object_component id="oc-27a">
         <name>.const:g_pui32UnpendRegs</name>
         <load_address>0x736c</load_address>
         <run_address>0x736c</run_address>
         <size>0x14</size>
         <input_file_ref idref="fl-21"/>
      </object_component>
      <object_component id="oc-1f4">
         <name>.const:g_pui32VCOFrequencies</name>
         <load_address>0x7380</load_address>
         <run_address>0x7380</run_address>
         <size>0x8</size>
         <input_file_ref idref="fl-2a"/>
      </object_component>
      <object_component id="oc-79">
         <name>.const</name>
         <load_address>0x7388</load_address>
         <run_address>0x7388</run_address>
         <size>0x8</size>
         <input_file_ref idref="fl-b"/>
      </object_component>
      <object_component id="oc-326">
         <name>.cinit..data.load</name>
         <load_address>0x7390</load_address>
         <run_address>0x7390</run_address>
         <size>0x1c</size>
      </object_component>
      <object_component id="oc-323">
         <name>__TI_handler_table</name>
         <load_address>0x73ac</load_address>
         <run_address>0x73ac</run_address>
         <size>0xc</size>
      </object_component>
      <object_component id="oc-327">
         <name>.cinit..bss.load</name>
         <load_address>0x73b8</load_address>
         <run_address>0x73b8</run_address>
         <size>0x8</size>
      </object_component>
      <object_component id="oc-325">
         <name>.cinit..vtable.load</name>
         <load_address>0x73c0</load_address>
         <run_address>0x73c0</run_address>
         <size>0x8</size>
      </object_component>
      <object_component id="oc-324">
         <name>__TI_cinit_table</name>
         <load_address>0x73c8</load_address>
         <run_address>0x73c8</run_address>
         <size>0x18</size>
      </object_component>
      <object_component id="oc-268">
         <name>.vtable</name>
         <uninitialized>true</uninitialized>
         <run_address>0x20000000</run_address>
         <size>0x26c</size>
         <input_file_ref idref="fl-21"/>
      </object_component>
      <object_component id="oc-76">
         <name>.data</name>
         <load_address>0x20001f58</load_address>
         <run_address>0x20001f58</run_address>
         <size>0x34</size>
         <input_file_ref idref="fl-9"/>
      </object_component>
      <object_component id="oc-1bb">
         <name>.data</name>
         <load_address>0x20001fa8</load_address>
         <run_address>0x20001fa8</run_address>
         <size>0xa</size>
         <input_file_ref idref="fl-a"/>
      </object_component>
      <object_component id="oc-83">
         <name>.data</name>
         <load_address>0x20001f9c</load_address>
         <run_address>0x20001f9c</run_address>
         <size>0xc</size>
         <input_file_ref idref="fl-b"/>
      </object_component>
      <object_component id="oc-1a6">
         <name>.data</name>
         <load_address>0x20001f8c</load_address>
         <run_address>0x20001f8c</run_address>
         <size>0x10</size>
         <input_file_ref idref="fl-d"/>
      </object_component>
      <object_component id="oc-227">
         <name>.data</name>
         <load_address>0x20001fb6</load_address>
         <run_address>0x20001fb6</run_address>
         <size>0x2</size>
         <input_file_ref idref="fl-e"/>
      </object_component>
      <object_component id="oc-216">
         <name>.data</name>
         <load_address>0x20001fb2</load_address>
         <run_address>0x20001fb2</run_address>
         <size>0x3</size>
         <input_file_ref idref="fl-10"/>
      </object_component>
      <object_component id="oc-e7">
         <name>.bss:pxReadyTasksLists</name>
         <uninitialized>true</uninitialized>
         <run_address>0x20001bd0</run_address>
         <size>0x64</size>
         <input_file_ref idref="fl-9"/>
      </object_component>
      <object_component id="oc-102">
         <name>.bss:xDelayedTaskList1</name>
         <uninitialized>true</uninitialized>
         <run_address>0x20001cd8</run_address>
         <size>0x14</size>
         <input_file_ref idref="fl-9"/>
      </object_component>
      <object_component id="oc-105">
         <name>.bss:xDelayedTaskList2</name>
         <uninitialized>true</uninitialized>
         <run_address>0x20001cec</run_address>
         <size>0x14</size>
         <input_file_ref idref="fl-9"/>
      </object_component>
      <object_component id="oc-ed">
         <name>.bss</name>
         <uninitialized>true</uninitialized>
         <run_address>0x20001d3c</run_address>
         <size>0x8</size>
         <input_file_ref idref="fl-9"/>
      </object_component>
      <object_component id="oc-f9">
         <name>.bss:xPendingReadyList</name>
         <uninitialized>true</uninitialized>
         <run_address>0x20001d00</run_address>
         <size>0x14</size>
         <input_file_ref idref="fl-9"/>
      </object_component>
      <object_component id="oc-ea">
         <name>.bss:xTasksWaitingTermination</name>
         <uninitialized>true</uninitialized>
         <run_address>0x20001d28</run_address>
         <size>0x14</size>
         <input_file_ref idref="fl-9"/>
      </object_component>
      <object_component id="oc-f0">
         <name>.bss:xSuspendedTaskList</name>
         <uninitialized>true</uninitialized>
         <run_address>0x20001d14</run_address>
         <size>0x14</size>
         <input_file_ref idref="fl-9"/>
      </object_component>
      <object_component id="oc-1c1">
         <name>.bss:xActiveTimerList1</name>
         <uninitialized>true</uninitialized>
         <run_address>0x20001cb0</run_address>
         <size>0x14</size>
         <input_file_ref idref="fl-a"/>
      </object_component>
      <object_component id="oc-1c4">
         <name>.bss:xActiveTimerList2</name>
         <uninitialized>true</uninitialized>
         <run_address>0x20001cc4</run_address>
         <size>0x14</size>
         <input_file_ref idref="fl-a"/>
      </object_component>
      <object_component id="oc-1be">
         <name>.bss</name>
         <uninitialized>true</uninitialized>
         <run_address>0x20001d44</run_address>
         <size>0x8</size>
         <input_file_ref idref="fl-a"/>
      </object_component>
      <object_component id="oc-1ac">
         <name>.bss:ucHeap</name>
         <uninitialized>true</uninitialized>
         <run_address>0x2000026c</run_address>
         <size>0x1964</size>
         <input_file_ref idref="fl-d"/>
      </object_component>
      <object_component id="oc-1a9">
         <name>.bss:xStart</name>
         <uninitialized>true</uninitialized>
         <run_address>0x20001d4c</run_address>
         <size>0x8</size>
         <input_file_ref idref="fl-d"/>
      </object_component>
      <object_component id="oc-213">
         <name>.bss:x_motor</name>
         <uninitialized>true</uninitialized>
         <run_address>0x20001c74</run_address>
         <size>0x3c</size>
         <input_file_ref idref="fl-10"/>
      </object_component>
      <object_component id="oc-14a">
         <name>.common:motor_instruction_queue</name>
         <uninitialized>true</uninitialized>
         <run_address>0x20001d54</run_address>
         <size>0x4</size>
      </object_component>
      <object_component id="oc-21e">
         <name>.common:xQueueRegistry</name>
         <uninitialized>true</uninitialized>
         <run_address>0x20001c34</run_address>
         <size>0x40</size>
      </object_component>
      <object_component id="oc-21">
         <name>.stack</name>
         <uninitialized>true</uninitialized>
         <run_address>0x20001d58</run_address>
         <size>0x4</size>
         <input_file_ref idref="fl-f6"/>
      </object_component>
      <object_component id="oc-328">
         <name>.stack</name>
         <uninitialized>true</uninitialized>
         <run_address>0x20001d58</run_address>
         <size>0x0</size>
      </object_component>
      <object_component id="oc-121">
         <name>.debug_info</name>
         <load_address>0x0</load_address>
         <run_address>0x0</run_address>
         <size>0x51c</size>
         <input_file_ref idref="fl-2"/>
      </object_component>
      <object_component id="oc-c0">
         <name>.debug_info</name>
         <load_address>0x51c</load_address>
         <run_address>0x51c</run_address>
         <size>0x4a0</size>
         <input_file_ref idref="fl-2"/>
      </object_component>
      <object_component id="oc-112">
         <name>.debug_info</name>
         <load_address>0x9bc</load_address>
         <run_address>0x9bc</run_address>
         <size>0x315</size>
         <input_file_ref idref="fl-2"/>
      </object_component>
      <object_component id="oc-218">
         <name>.debug_info</name>
         <load_address>0xcd1</load_address>
         <run_address>0xcd1</run_address>
         <size>0x1a5</size>
         <input_file_ref idref="fl-2"/>
      </object_component>
      <object_component id="oc-99">
         <name>.debug_info</name>
         <load_address>0xe76</load_address>
         <run_address>0xe76</run_address>
         <size>0x26b</size>
         <input_file_ref idref="fl-2"/>
      </object_component>
      <object_component id="oc-11c">
         <name>.debug_info</name>
         <load_address>0x10e1</load_address>
         <run_address>0x10e1</run_address>
         <size>0x3e3</size>
         <input_file_ref idref="fl-2"/>
      </object_component>
      <object_component id="oc-1dd">
         <name>.debug_info</name>
         <load_address>0x14c4</load_address>
         <run_address>0x14c4</run_address>
         <size>0x4f</size>
         <input_file_ref idref="fl-2"/>
      </object_component>
      <object_component id="oc-3e">
         <name>.debug_info</name>
         <load_address>0x1513</load_address>
         <run_address>0x1513</run_address>
         <size>0x84</size>
         <input_file_ref idref="fl-2"/>
      </object_component>
      <object_component id="oc-88">
         <name>.debug_info</name>
         <load_address>0x1597</load_address>
         <run_address>0x1597</run_address>
         <size>0x2c</size>
         <input_file_ref idref="fl-2"/>
      </object_component>
      <object_component id="oc-123">
         <name>.debug_info</name>
         <load_address>0x15c3</load_address>
         <run_address>0x15c3</run_address>
         <size>0x297</size>
         <input_file_ref idref="fl-2"/>
      </object_component>
      <object_component id="oc-1fc">
         <name>.debug_info</name>
         <load_address>0x185a</load_address>
         <run_address>0x185a</run_address>
         <size>0xef</size>
         <input_file_ref idref="fl-2"/>
      </object_component>
      <object_component id="oc-92">
         <name>.debug_info</name>
         <load_address>0x1949</load_address>
         <run_address>0x1949</run_address>
         <size>0xbb</size>
         <input_file_ref idref="fl-2"/>
      </object_component>
      <object_component id="oc-8d">
         <name>.debug_info</name>
         <load_address>0x1a04</load_address>
         <run_address>0x1a04</run_address>
         <size>0x53</size>
         <input_file_ref idref="fl-2"/>
      </object_component>
      <object_component id="oc-10d">
         <name>.debug_info</name>
         <load_address>0x1a57</load_address>
         <run_address>0x1a57</run_address>
         <size>0x53</size>
         <input_file_ref idref="fl-2"/>
      </object_component>
      <object_component id="oc-117">
         <name>.debug_info</name>
         <load_address>0x1aaa</load_address>
         <run_address>0x1aaa</run_address>
         <size>0x14c</size>
         <input_file_ref idref="fl-2"/>
      </object_component>
      <object_component id="oc-37">
         <name>.debug_info</name>
         <load_address>0x1bf6</load_address>
         <run_address>0x1bf6</run_address>
         <size>0x322</size>
         <input_file_ref idref="fl-3"/>
      </object_component>
      <object_component id="oc-10">
         <name>.debug_info</name>
         <load_address>0x1f18</load_address>
         <run_address>0x1f18</run_address>
         <size>0xe1</size>
         <input_file_ref idref="fl-3"/>
      </object_component>
      <object_component id="oc-25">
         <name>.debug_info</name>
         <load_address>0x1ff9</load_address>
         <run_address>0x1ff9</run_address>
         <size>0x25d</size>
         <input_file_ref idref="fl-3"/>
      </object_component>
      <object_component id="oc-24a">
         <name>.debug_info</name>
         <load_address>0x2256</load_address>
         <run_address>0x2256</run_address>
         <size>0x665</size>
         <input_file_ref idref="fl-5"/>
      </object_component>
      <object_component id="oc-197">
         <name>.debug_info</name>
         <load_address>0x28bb</load_address>
         <run_address>0x28bb</run_address>
         <size>0x110</size>
         <input_file_ref idref="fl-5"/>
      </object_component>
      <object_component id="oc-1a1">
         <name>.debug_info</name>
         <load_address>0x29cb</load_address>
         <run_address>0x29cb</run_address>
         <size>0x3e3</size>
         <input_file_ref idref="fl-5"/>
      </object_component>
      <object_component id="oc-2c9">
         <name>.debug_info</name>
         <load_address>0x2dae</load_address>
         <run_address>0x2dae</run_address>
         <size>0x62</size>
         <input_file_ref idref="fl-5"/>
      </object_component>
      <object_component id="oc-2ce">
         <name>.debug_info</name>
         <load_address>0x2e10</load_address>
         <run_address>0x2e10</run_address>
         <size>0x39</size>
         <input_file_ref idref="fl-5"/>
      </object_component>
      <object_component id="oc-192">
         <name>.debug_info</name>
         <load_address>0x2e49</load_address>
         <run_address>0x2e49</run_address>
         <size>0x4f</size>
         <input_file_ref idref="fl-5"/>
      </object_component>
      <object_component id="oc-1b2">
         <name>.debug_info</name>
         <load_address>0x2e98</load_address>
         <run_address>0x2e98</run_address>
         <size>0x35e</size>
         <input_file_ref idref="fl-6"/>
      </object_component>
      <object_component id="oc-e2">
         <name>.debug_info</name>
         <load_address>0x31f6</load_address>
         <run_address>0x31f6</run_address>
         <size>0x4ea</size>
         <input_file_ref idref="fl-6"/>
      </object_component>
      <object_component id="oc-21f">
         <name>.debug_info</name>
         <load_address>0x36e0</load_address>
         <run_address>0x36e0</run_address>
         <size>0x904</size>
         <input_file_ref idref="fl-7"/>
      </object_component>
      <object_component id="oc-145">
         <name>.debug_info</name>
         <load_address>0x3fe4</load_address>
         <run_address>0x3fe4</run_address>
         <size>0x38e7</size>
         <input_file_ref idref="fl-7"/>
      </object_component>
      <object_component id="oc-29f">
         <name>.debug_info</name>
         <load_address>0x78cb</load_address>
         <run_address>0x78cb</run_address>
         <size>0x217</size>
         <input_file_ref idref="fl-7"/>
      </object_component>
      <object_component id="oc-222">
         <name>.debug_info</name>
         <load_address>0x7ae2</load_address>
         <run_address>0x7ae2</run_address>
         <size>0x46</size>
         <input_file_ref idref="fl-7"/>
      </object_component>
      <object_component id="oc-12f">
         <name>.debug_info</name>
         <load_address>0x7b28</load_address>
         <run_address>0x7b28</run_address>
         <size>0x2c</size>
         <input_file_ref idref="fl-8"/>
      </object_component>
      <object_component id="oc-d3">
         <name>.debug_info</name>
         <load_address>0x7b54</load_address>
         <run_address>0x7b54</run_address>
         <size>0x80e</size>
         <input_file_ref idref="fl-9"/>
      </object_component>
      <object_component id="oc-77">
         <name>.debug_info</name>
         <load_address>0x8362</load_address>
         <run_address>0x8362</run_address>
         <size>0x341</size>
         <input_file_ref idref="fl-9"/>
      </object_component>
      <object_component id="oc-e8">
         <name>.debug_info</name>
         <load_address>0x86a3</load_address>
         <run_address>0x86a3</run_address>
         <size>0xe8</size>
         <input_file_ref idref="fl-9"/>
      </object_component>
      <object_component id="oc-103">
         <name>.debug_info</name>
         <load_address>0x878b</load_address>
         <run_address>0x878b</run_address>
         <size>0xe8</size>
         <input_file_ref idref="fl-9"/>
      </object_component>
      <object_component id="oc-106">
         <name>.debug_info</name>
         <load_address>0x8873</load_address>
         <run_address>0x8873</run_address>
         <size>0xe8</size>
         <input_file_ref idref="fl-9"/>
      </object_component>
      <object_component id="oc-ee">
         <name>.debug_info</name>
         <load_address>0x895b</load_address>
         <run_address>0x895b</run_address>
         <size>0x12b</size>
         <input_file_ref idref="fl-9"/>
      </object_component>
      <object_component id="oc-fa">
         <name>.debug_info</name>
         <load_address>0x8a86</load_address>
         <run_address>0x8a86</run_address>
         <size>0xe8</size>
         <input_file_ref idref="fl-9"/>
      </object_component>
      <object_component id="oc-eb">
         <name>.debug_info</name>
         <load_address>0x8b6e</load_address>
         <run_address>0x8b6e</run_address>
         <size>0xf6</size>
         <input_file_ref idref="fl-9"/>
      </object_component>
      <object_component id="oc-f1">
         <name>.debug_info</name>
         <load_address>0x8c64</load_address>
         <run_address>0x8c64</run_address>
         <size>0xea</size>
         <input_file_ref idref="fl-9"/>
      </object_component>
      <object_component id="oc-7d">
         <name>.debug_info</name>
         <load_address>0x8d4e</load_address>
         <run_address>0x8d4e</run_address>
         <size>0x492e</size>
         <input_file_ref idref="fl-9"/>
      </object_component>
      <object_component id="oc-d4">
         <name>.debug_info</name>
         <load_address>0xd67c</load_address>
         <run_address>0xd67c</run_address>
         <size>0x30c</size>
         <input_file_ref idref="fl-9"/>
      </object_component>
      <object_component id="oc-19c">
         <name>.debug_info</name>
         <load_address>0xd988</load_address>
         <run_address>0xd988</run_address>
         <size>0x11a</size>
         <input_file_ref idref="fl-9"/>
      </object_component>
      <object_component id="oc-1cd">
         <name>.debug_info</name>
         <load_address>0xdaa2</load_address>
         <run_address>0xdaa2</run_address>
         <size>0x84d</size>
         <input_file_ref idref="fl-a"/>
      </object_component>
      <object_component id="oc-1c2">
         <name>.debug_info</name>
         <load_address>0xe2ef</load_address>
         <run_address>0xe2ef</run_address>
         <size>0xe8</size>
         <input_file_ref idref="fl-a"/>
      </object_component>
      <object_component id="oc-1c5">
         <name>.debug_info</name>
         <load_address>0xe3d7</load_address>
         <run_address>0xe3d7</run_address>
         <size>0xe8</size>
         <input_file_ref idref="fl-a"/>
      </object_component>
      <object_component id="oc-1bf">
         <name>.debug_info</name>
         <load_address>0xe4bf</load_address>
         <run_address>0xe4bf</run_address>
         <size>0x120</size>
         <input_file_ref idref="fl-a"/>
      </object_component>
      <object_component id="oc-1bc">
         <name>.debug_info</name>
         <load_address>0xe5df</load_address>
         <run_address>0xe5df</run_address>
         <size>0x10c</size>
         <input_file_ref idref="fl-a"/>
      </object_component>
      <object_component id="oc-f4">
         <name>.debug_info</name>
         <load_address>0xe6eb</load_address>
         <run_address>0xe6eb</run_address>
         <size>0x2183</size>
         <input_file_ref idref="fl-a"/>
      </object_component>
      <object_component id="oc-1ce">
         <name>.debug_info</name>
         <load_address>0x1086e</load_address>
         <run_address>0x1086e</run_address>
         <size>0x1ce</size>
         <input_file_ref idref="fl-a"/>
      </object_component>
      <object_component id="oc-1c8">
         <name>.debug_info</name>
         <load_address>0x10a3c</load_address>
         <run_address>0x10a3c</run_address>
         <size>0x46</size>
         <input_file_ref idref="fl-a"/>
      </object_component>
      <object_component id="oc-87">
         <name>.debug_info</name>
         <load_address>0x10a82</load_address>
         <run_address>0x10a82</run_address>
         <size>0x44a</size>
         <input_file_ref idref="fl-b"/>
      </object_component>
      <object_component id="oc-7a">
         <name>.debug_info</name>
         <load_address>0x10ecc</load_address>
         <run_address>0x10ecc</run_address>
         <size>0x15d</size>
         <input_file_ref idref="fl-b"/>
      </object_component>
      <object_component id="oc-84">
         <name>.debug_info</name>
         <load_address>0x11029</load_address>
         <run_address>0x11029</run_address>
         <size>0x168</size>
         <input_file_ref idref="fl-b"/>
      </object_component>
      <object_component id="oc-30">
         <name>.debug_info</name>
         <load_address>0x11191</load_address>
         <run_address>0x11191</run_address>
         <size>0x8f4</size>
         <input_file_ref idref="fl-b"/>
      </object_component>
      <object_component id="oc-2b">
         <name>.debug_info</name>
         <load_address>0x11a85</load_address>
         <run_address>0x11a85</run_address>
         <size>0x24a</size>
         <input_file_ref idref="fl-c"/>
      </object_component>
      <object_component id="oc-1b0">
         <name>.debug_info</name>
         <load_address>0x11ccf</load_address>
         <run_address>0x11ccf</run_address>
         <size>0x448</size>
         <input_file_ref idref="fl-d"/>
      </object_component>
      <object_component id="oc-1ad">
         <name>.debug_info</name>
         <load_address>0x12117</load_address>
         <run_address>0x12117</run_address>
         <size>0xe3</size>
         <input_file_ref idref="fl-d"/>
      </object_component>
      <object_component id="oc-1aa">
         <name>.debug_info</name>
         <load_address>0x121fa</load_address>
         <run_address>0x121fa</run_address>
         <size>0xe3</size>
         <input_file_ref idref="fl-d"/>
      </object_component>
      <object_component id="oc-1a7">
         <name>.debug_info</name>
         <load_address>0x122dd</load_address>
         <run_address>0x122dd</run_address>
         <size>0x197</size>
         <input_file_ref idref="fl-d"/>
      </object_component>
      <object_component id="oc-dc">
         <name>.debug_info</name>
         <load_address>0x12474</load_address>
         <run_address>0x12474</run_address>
         <size>0x81b</size>
         <input_file_ref idref="fl-d"/>
      </object_component>
      <object_component id="oc-24f">
         <name>.debug_info</name>
         <load_address>0x12c8f</load_address>
         <run_address>0x12c8f</run_address>
         <size>0x62</size>
         <input_file_ref idref="fl-d"/>
      </object_component>
      <object_component id="oc-229">
         <name>.debug_info</name>
         <load_address>0x12cf1</load_address>
         <run_address>0x12cf1</run_address>
         <size>0x42e</size>
         <input_file_ref idref="fl-e"/>
      </object_component>
      <object_component id="oc-14c">
         <name>.debug_info</name>
         <load_address>0x1311f</load_address>
         <run_address>0x1311f</run_address>
         <size>0x263</size>
         <input_file_ref idref="fl-e"/>
      </object_component>
      <object_component id="oc-21d">
         <name>.debug_info</name>
         <load_address>0x13382</load_address>
         <run_address>0x13382</run_address>
         <size>0x5dd</size>
         <input_file_ref idref="fl-10"/>
      </object_component>
      <object_component id="oc-214">
         <name>.debug_info</name>
         <load_address>0x1395f</load_address>
         <run_address>0x1395f</run_address>
         <size>0xcf</size>
         <input_file_ref idref="fl-10"/>
      </object_component>
      <object_component id="oc-13f">
         <name>.debug_info</name>
         <load_address>0x13a2e</load_address>
         <run_address>0x13a2e</run_address>
         <size>0xb30</size>
         <input_file_ref idref="fl-10"/>
      </object_component>
      <object_component id="oc-201">
         <name>.debug_info</name>
         <load_address>0x1455e</load_address>
         <run_address>0x1455e</run_address>
         <size>0x8b</size>
         <input_file_ref idref="fl-10"/>
      </object_component>
      <object_component id="oc-1ec">
         <name>.debug_info</name>
         <load_address>0x145e9</load_address>
         <run_address>0x145e9</run_address>
         <size>0x49a</size>
         <input_file_ref idref="fl-15"/>
      </object_component>
      <object_component id="oc-296">
         <name>.debug_info</name>
         <load_address>0x14a83</load_address>
         <run_address>0x14a83</run_address>
         <size>0x36e</size>
         <input_file_ref idref="fl-1e"/>
      </object_component>
      <object_component id="oc-28d">
         <name>.debug_info</name>
         <load_address>0x14df1</load_address>
         <run_address>0x14df1</run_address>
         <size>0x10e</size>
         <input_file_ref idref="fl-1e"/>
      </object_component>
      <object_component id="oc-290">
         <name>.debug_info</name>
         <load_address>0x14eff</load_address>
         <run_address>0x14eff</run_address>
         <size>0x110</size>
         <input_file_ref idref="fl-1e"/>
      </object_component>
      <object_component id="oc-293">
         <name>.debug_info</name>
         <load_address>0x1500f</load_address>
         <run_address>0x1500f</run_address>
         <size>0x102</size>
         <input_file_ref idref="fl-1e"/>
      </object_component>
      <object_component id="oc-208">
         <name>.debug_info</name>
         <load_address>0x15111</load_address>
         <run_address>0x15111</run_address>
         <size>0x3be9</size>
         <input_file_ref idref="fl-1e"/>
      </object_component>
      <object_component id="oc-27e">
         <name>.debug_info</name>
         <load_address>0x18cfa</load_address>
         <run_address>0x18cfa</run_address>
         <size>0x34b</size>
         <input_file_ref idref="fl-21"/>
      </object_component>
      <object_component id="oc-26c">
         <name>.debug_info</name>
         <load_address>0x19045</load_address>
         <run_address>0x19045</run_address>
         <size>0xfd</size>
         <input_file_ref idref="fl-21"/>
      </object_component>
      <object_component id="oc-26f">
         <name>.debug_info</name>
         <load_address>0x19142</load_address>
         <run_address>0x19142</run_address>
         <size>0xf5</size>
         <input_file_ref idref="fl-21"/>
      </object_component>
      <object_component id="oc-272">
         <name>.debug_info</name>
         <load_address>0x19237</load_address>
         <run_address>0x19237</run_address>
         <size>0xf9</size>
         <input_file_ref idref="fl-21"/>
      </object_component>
      <object_component id="oc-275">
         <name>.debug_info</name>
         <load_address>0x19330</load_address>
         <run_address>0x19330</run_address>
         <size>0xff</size>
         <input_file_ref idref="fl-21"/>
      </object_component>
      <object_component id="oc-278">
         <name>.debug_info</name>
         <load_address>0x1942f</load_address>
         <run_address>0x1942f</run_address>
         <size>0xfd</size>
         <input_file_ref idref="fl-21"/>
      </object_component>
      <object_component id="oc-27b">
         <name>.debug_info</name>
         <load_address>0x1952c</load_address>
         <run_address>0x1952c</run_address>
         <size>0x101</size>
         <input_file_ref idref="fl-21"/>
      </object_component>
      <object_component id="oc-269">
         <name>.debug_info</name>
         <load_address>0x1962d</load_address>
         <run_address>0x1962d</run_address>
         <size>0xfe</size>
         <input_file_ref idref="fl-21"/>
      </object_component>
      <object_component id="oc-1e6">
         <name>.debug_info</name>
         <load_address>0x1972b</load_address>
         <run_address>0x1972b</run_address>
         <size>0x10b6</size>
         <input_file_ref idref="fl-21"/>
      </object_component>
      <object_component id="oc-298">
         <name>.debug_info</name>
         <load_address>0x1a7e1</load_address>
         <run_address>0x1a7e1</run_address>
         <size>0x320</size>
         <input_file_ref idref="fl-25"/>
      </object_component>
      <object_component id="oc-20e">
         <name>.debug_info</name>
         <load_address>0x1ab01</load_address>
         <run_address>0x1ab01</run_address>
         <size>0x2fdf</size>
         <input_file_ref idref="fl-25"/>
      </object_component>
      <object_component id="oc-206">
         <name>.debug_info</name>
         <load_address>0x1dae0</load_address>
         <run_address>0x1dae0</run_address>
         <size>0x3d0</size>
         <input_file_ref idref="fl-2a"/>
      </object_component>
      <object_component id="oc-1f2">
         <name>.debug_info</name>
         <load_address>0x1deb0</load_address>
         <run_address>0x1deb0</run_address>
         <size>0xf4</size>
         <input_file_ref idref="fl-2a"/>
      </object_component>
      <object_component id="oc-1f8">
         <name>.debug_info</name>
         <load_address>0x1dfa4</load_address>
         <run_address>0x1dfa4</run_address>
         <size>0x100</size>
         <input_file_ref idref="fl-2a"/>
      </object_component>
      <object_component id="oc-1e3">
         <name>.debug_info</name>
         <load_address>0x1e0a4</load_address>
         <run_address>0x1e0a4</run_address>
         <size>0xfa</size>
         <input_file_ref idref="fl-2a"/>
      </object_component>
      <object_component id="oc-1f5">
         <name>.debug_info</name>
         <load_address>0x1e19e</load_address>
         <run_address>0x1e19e</run_address>
         <size>0x107</size>
         <input_file_ref idref="fl-2a"/>
      </object_component>
      <object_component id="oc-139">
         <name>.debug_info</name>
         <load_address>0x1e2a5</load_address>
         <run_address>0x1e2a5</run_address>
         <size>0x37bc</size>
         <input_file_ref idref="fl-2a"/>
      </object_component>
      <object_component id="oc-288">
         <name>.debug_info</name>
         <load_address>0x21a61</load_address>
         <run_address>0x21a61</run_address>
         <size>0x51</size>
         <input_file_ref idref="fl-2a"/>
      </object_component>
      <object_component id="oc-b6">
         <name>.debug_info</name>
         <load_address>0x21ab2</load_address>
         <run_address>0x21ab2</run_address>
         <size>0x148</size>
         <input_file_ref idref="fl-f0"/>
      </object_component>
      <object_component id="oc-45">
         <name>.debug_info</name>
         <load_address>0x21bfa</load_address>
         <run_address>0x21bfa</run_address>
         <size>0x11a</size>
         <input_file_ref idref="fl-f1"/>
      </object_component>
      <object_component id="oc-b2">
         <name>.debug_info</name>
         <load_address>0x21d14</load_address>
         <run_address>0x21d14</run_address>
         <size>0x2d5</size>
         <input_file_ref idref="fl-f2"/>
      </object_component>
      <object_component id="oc-57">
         <name>.debug_info</name>
         <load_address>0x21fe9</load_address>
         <run_address>0x21fe9</run_address>
         <size>0x1b6</size>
         <input_file_ref idref="fl-f2"/>
      </object_component>
      <object_component id="oc-ad">
         <name>.debug_info</name>
         <load_address>0x2219f</load_address>
         <run_address>0x2219f</run_address>
         <size>0x46</size>
         <input_file_ref idref="fl-f2"/>
      </object_component>
      <object_component id="oc-4e">
         <name>.debug_info</name>
         <load_address>0x221e5</load_address>
         <run_address>0x221e5</run_address>
         <size>0x2a9</size>
         <input_file_ref idref="fl-f3"/>
      </object_component>
      <object_component id="oc-19">
         <name>.debug_info</name>
         <load_address>0x2248e</load_address>
         <run_address>0x2248e</run_address>
         <size>0x1eb</size>
         <input_file_ref idref="fl-f3"/>
      </object_component>
      <object_component id="oc-49">
         <name>.debug_info</name>
         <load_address>0x22679</load_address>
         <run_address>0x22679</run_address>
         <size>0x46</size>
         <input_file_ref idref="fl-f3"/>
      </object_component>
      <object_component id="oc-a5">
         <name>.debug_info</name>
         <load_address>0x226bf</load_address>
         <run_address>0x226bf</run_address>
         <size>0x2c</size>
         <input_file_ref idref="fl-f3"/>
      </object_component>
      <object_component id="oc-a3">
         <name>.debug_info</name>
         <load_address>0x226eb</load_address>
         <run_address>0x226eb</run_address>
         <size>0x29f</size>
         <input_file_ref idref="fl-f4"/>
      </object_component>
      <object_component id="oc-13">
         <name>.debug_info</name>
         <load_address>0x2298a</load_address>
         <run_address>0x2298a</run_address>
         <size>0x251</size>
         <input_file_ref idref="fl-f4"/>
      </object_component>
      <object_component id="oc-39">
         <name>.debug_info</name>
         <load_address>0x22bdb</load_address>
         <run_address>0x22bdb</run_address>
         <size>0x60</size>
         <input_file_ref idref="fl-f4"/>
      </object_component>
      <object_component id="oc-128">
         <name>.debug_info</name>
         <load_address>0x22c3b</load_address>
         <run_address>0x22c3b</run_address>
         <size>0x46</size>
         <input_file_ref idref="fl-f4"/>
      </object_component>
      <object_component id="oc-9e">
         <name>.debug_info</name>
         <load_address>0x22c81</load_address>
         <run_address>0x22c81</run_address>
         <size>0x39</size>
         <input_file_ref idref="fl-f4"/>
      </object_component>
      <object_component id="oc-1d6">
         <name>.debug_info</name>
         <load_address>0x22cba</load_address>
         <run_address>0x22cba</run_address>
         <size>0x290</size>
         <input_file_ref idref="fl-f5"/>
      </object_component>
      <object_component id="oc-fd">
         <name>.debug_info</name>
         <load_address>0x22f4a</load_address>
         <run_address>0x22f4a</run_address>
         <size>0x246</size>
         <input_file_ref idref="fl-f5"/>
      </object_component>
      <object_component id="oc-22">
         <name>.debug_info</name>
         <load_address>0x23190</load_address>
         <run_address>0x23190</run_address>
         <size>0x10c</size>
         <input_file_ref idref="fl-f6"/>
      </object_component>
      <object_component id="oc-62">
         <name>.debug_info</name>
         <load_address>0x2329c</load_address>
         <run_address>0x2329c</run_address>
         <size>0x1aa</size>
         <input_file_ref idref="fl-f6"/>
      </object_component>
      <object_component id="oc-235">
         <name>.debug_info</name>
         <load_address>0x23446</load_address>
         <run_address>0x23446</run_address>
         <size>0x4b4</size>
         <input_file_ref idref="fl-f7"/>
      </object_component>
      <object_component id="oc-15f">
         <name>.debug_info</name>
         <load_address>0x238fa</load_address>
         <run_address>0x238fa</run_address>
         <size>0x1a7</size>
         <input_file_ref idref="fl-f7"/>
      </object_component>
      <object_component id="oc-2b6">
         <name>.debug_info</name>
         <load_address>0x23aa1</load_address>
         <run_address>0x23aa1</run_address>
         <size>0x39</size>
         <input_file_ref idref="fl-f7"/>
      </object_component>
      <object_component id="oc-2f0">
         <name>.debug_info</name>
         <load_address>0x23ada</load_address>
         <run_address>0x23ada</run_address>
         <size>0x39</size>
         <input_file_ref idref="fl-f7"/>
      </object_component>
      <object_component id="oc-2bb">
         <name>.debug_info</name>
         <load_address>0x23b13</load_address>
         <run_address>0x23b13</run_address>
         <size>0x39</size>
         <input_file_ref idref="fl-f7"/>
      </object_component>
      <object_component id="oc-2c0">
         <name>.debug_info</name>
         <load_address>0x23b4c</load_address>
         <run_address>0x23b4c</run_address>
         <size>0xcd</size>
         <input_file_ref idref="fl-f7"/>
      </object_component>
      <object_component id="oc-ba">
         <name>.debug_info</name>
         <load_address>0x23c19</load_address>
         <run_address>0x23c19</run_address>
         <size>0x154</size>
         <input_file_ref idref="fl-f8"/>
      </object_component>
      <object_component id="oc-153">
         <name>.debug_info</name>
         <load_address>0x23d6d</load_address>
         <run_address>0x23d6d</run_address>
         <size>0x123</size>
         <input_file_ref idref="fl-fa"/>
      </object_component>
      <object_component id="oc-329">
         <name>.debug_info</name>
         <load_address>0x23e90</load_address>
         <run_address>0x23e90</run_address>
         <size>0x94</size>
      </object_component>
      <object_component id="oc-1dc">
         <name>.debug_line</name>
         <load_address>0x0</load_address>
         <run_address>0x0</run_address>
         <size>0x161</size>
         <input_file_ref idref="fl-2"/>
      </object_component>
      <object_component id="oc-c3">
         <name>.debug_line</name>
         <load_address>0x161</load_address>
         <run_address>0x161</run_address>
         <size>0xe1</size>
         <input_file_ref idref="fl-2"/>
      </object_component>
      <object_component id="oc-115">
         <name>.debug_line</name>
         <load_address>0x242</load_address>
         <run_address>0x242</run_address>
         <size>0x5f</size>
         <input_file_ref idref="fl-2"/>
      </object_component>
      <object_component id="oc-21b">
         <name>.debug_line</name>
         <load_address>0x2a1</load_address>
         <run_address>0x2a1</run_address>
         <size>0x58</size>
         <input_file_ref idref="fl-2"/>
      </object_component>
      <object_component id="oc-9c">
         <name>.debug_line</name>
         <load_address>0x2f9</load_address>
         <run_address>0x2f9</run_address>
         <size>0x77</size>
         <input_file_ref idref="fl-2"/>
      </object_component>
      <object_component id="oc-11f">
         <name>.debug_line</name>
         <load_address>0x370</load_address>
         <run_address>0x370</run_address>
         <size>0x63</size>
         <input_file_ref idref="fl-2"/>
      </object_component>
      <object_component id="oc-1e0">
         <name>.debug_line</name>
         <load_address>0x3d3</load_address>
         <run_address>0x3d3</run_address>
         <size>0x60</size>
         <input_file_ref idref="fl-2"/>
      </object_component>
      <object_component id="oc-41">
         <name>.debug_line</name>
         <load_address>0x433</load_address>
         <run_address>0x433</run_address>
         <size>0x20</size>
         <input_file_ref idref="fl-2"/>
      </object_component>
      <object_component id="oc-8b">
         <name>.debug_line</name>
         <load_address>0x453</load_address>
         <run_address>0x453</run_address>
         <size>0x63</size>
         <input_file_ref idref="fl-2"/>
      </object_component>
      <object_component id="oc-126">
         <name>.debug_line</name>
         <load_address>0x4b6</load_address>
         <run_address>0x4b6</run_address>
         <size>0x7b</size>
         <input_file_ref idref="fl-2"/>
      </object_component>
      <object_component id="oc-1ff">
         <name>.debug_line</name>
         <load_address>0x531</load_address>
         <run_address>0x531</run_address>
         <size>0x77</size>
         <input_file_ref idref="fl-2"/>
      </object_component>
      <object_component id="oc-95">
         <name>.debug_line</name>
         <load_address>0x5a8</load_address>
         <run_address>0x5a8</run_address>
         <size>0x78</size>
         <input_file_ref idref="fl-2"/>
      </object_component>
      <object_component id="oc-90">
         <name>.debug_line</name>
         <load_address>0x620</load_address>
         <run_address>0x620</run_address>
         <size>0x72</size>
         <input_file_ref idref="fl-2"/>
      </object_component>
      <object_component id="oc-110">
         <name>.debug_line</name>
         <load_address>0x692</load_address>
         <run_address>0x692</run_address>
         <size>0x73</size>
         <input_file_ref idref="fl-2"/>
      </object_component>
      <object_component id="oc-11a">
         <name>.debug_line</name>
         <load_address>0x705</load_address>
         <run_address>0x705</run_address>
         <size>0x5f</size>
         <input_file_ref idref="fl-2"/>
      </object_component>
      <object_component id="oc-98">
         <name>.debug_line</name>
         <load_address>0x764</load_address>
         <run_address>0x764</run_address>
         <size>0x41</size>
         <input_file_ref idref="fl-3"/>
      </object_component>
      <object_component id="oc-36">
         <name>.debug_line</name>
         <load_address>0x7a5</load_address>
         <run_address>0x7a5</run_address>
         <size>0x41</size>
         <input_file_ref idref="fl-3"/>
      </object_component>
      <object_component id="oc-28">
         <name>.debug_line</name>
         <load_address>0x7e6</load_address>
         <run_address>0x7e6</run_address>
         <size>0xa1</size>
         <input_file_ref idref="fl-3"/>
      </object_component>
      <object_component id="oc-2c8">
         <name>.debug_line</name>
         <load_address>0x887</load_address>
         <run_address>0x887</run_address>
         <size>0x133</size>
         <input_file_ref idref="fl-5"/>
      </object_component>
      <object_component id="oc-19a">
         <name>.debug_line</name>
         <load_address>0x9ba</load_address>
         <run_address>0x9ba</run_address>
         <size>0x73</size>
         <input_file_ref idref="fl-5"/>
      </object_component>
      <object_component id="oc-1a4">
         <name>.debug_line</name>
         <load_address>0xa2d</load_address>
         <run_address>0xa2d</run_address>
         <size>0x63</size>
         <input_file_ref idref="fl-5"/>
      </object_component>
      <object_component id="oc-2cc">
         <name>.debug_line</name>
         <load_address>0xa90</load_address>
         <run_address>0xa90</run_address>
         <size>0x45</size>
         <input_file_ref idref="fl-5"/>
      </object_component>
      <object_component id="oc-2d1">
         <name>.debug_line</name>
         <load_address>0xad5</load_address>
         <run_address>0xad5</run_address>
         <size>0x67</size>
         <input_file_ref idref="fl-5"/>
      </object_component>
      <object_component id="oc-195">
         <name>.debug_line</name>
         <load_address>0xb3c</load_address>
         <run_address>0xb3c</run_address>
         <size>0x61</size>
         <input_file_ref idref="fl-5"/>
      </object_component>
      <object_component id="oc-259">
         <name>.debug_line</name>
         <load_address>0xb9d</load_address>
         <run_address>0xb9d</run_address>
         <size>0x20</size>
         <input_file_ref idref="fl-6"/>
      </object_component>
      <object_component id="oc-e5">
         <name>.debug_line</name>
         <load_address>0xbbd</load_address>
         <run_address>0xbbd</run_address>
         <size>0xf3</size>
         <input_file_ref idref="fl-6"/>
      </object_component>
      <object_component id="oc-29e">
         <name>.debug_line</name>
         <load_address>0xcb0</load_address>
         <run_address>0xcb0</run_address>
         <size>0x151</size>
         <input_file_ref idref="fl-7"/>
      </object_component>
      <object_component id="oc-148">
         <name>.debug_line</name>
         <load_address>0xe01</load_address>
         <run_address>0xe01</run_address>
         <size>0x983</size>
         <input_file_ref idref="fl-7"/>
      </object_component>
      <object_component id="oc-2a2">
         <name>.debug_line</name>
         <load_address>0x1784</load_address>
         <run_address>0x1784</run_address>
         <size>0x3e</size>
         <input_file_ref idref="fl-7"/>
      </object_component>
      <object_component id="oc-225">
         <name>.debug_line</name>
         <load_address>0x17c2</load_address>
         <run_address>0x17c2</run_address>
         <size>0x60</size>
         <input_file_ref idref="fl-7"/>
      </object_component>
      <object_component id="oc-132">
         <name>.debug_line</name>
         <load_address>0x1822</load_address>
         <run_address>0x1822</run_address>
         <size>0x73</size>
         <input_file_ref idref="fl-8"/>
      </object_component>
      <object_component id="oc-191">
         <name>.debug_line</name>
         <load_address>0x1895</load_address>
         <run_address>0x1895</run_address>
         <size>0x1a6</size>
         <input_file_ref idref="fl-9"/>
      </object_component>
      <object_component id="oc-d2">
         <name>.debug_line</name>
         <load_address>0x1a3b</load_address>
         <run_address>0x1a3b</run_address>
         <size>0x3e</size>
         <input_file_ref idref="fl-9"/>
      </object_component>
      <object_component id="oc-1b4">
         <name>.debug_line</name>
         <load_address>0x1a79</load_address>
         <run_address>0x1a79</run_address>
         <size>0x3e</size>
         <input_file_ref idref="fl-9"/>
      </object_component>
      <object_component id="oc-1d8">
         <name>.debug_line</name>
         <load_address>0x1ab7</load_address>
         <run_address>0x1ab7</run_address>
         <size>0x3e</size>
         <input_file_ref idref="fl-9"/>
      </object_component>
      <object_component id="oc-1da">
         <name>.debug_line</name>
         <load_address>0x1af5</load_address>
         <run_address>0x1af5</run_address>
         <size>0x3e</size>
         <input_file_ref idref="fl-9"/>
      </object_component>
      <object_component id="oc-1b8">
         <name>.debug_line</name>
         <load_address>0x1b33</load_address>
         <run_address>0x1b33</run_address>
         <size>0x3e</size>
         <input_file_ref idref="fl-9"/>
      </object_component>
      <object_component id="oc-1d4">
         <name>.debug_line</name>
         <load_address>0x1b71</load_address>
         <run_address>0x1b71</run_address>
         <size>0x3e</size>
         <input_file_ref idref="fl-9"/>
      </object_component>
      <object_component id="oc-1b6">
         <name>.debug_line</name>
         <load_address>0x1baf</load_address>
         <run_address>0x1baf</run_address>
         <size>0x3e</size>
         <input_file_ref idref="fl-9"/>
      </object_component>
      <object_component id="oc-1ba">
         <name>.debug_line</name>
         <load_address>0x1bed</load_address>
         <run_address>0x1bed</run_address>
         <size>0x3e</size>
         <input_file_ref idref="fl-9"/>
      </object_component>
      <object_component id="oc-80">
         <name>.debug_line</name>
         <load_address>0x1c2b</load_address>
         <run_address>0x1c2b</run_address>
         <size>0xddc</size>
         <input_file_ref idref="fl-9"/>
      </object_component>
      <object_component id="oc-d7">
         <name>.debug_line</name>
         <load_address>0x2a07</load_address>
         <run_address>0x2a07</run_address>
         <size>0x5f</size>
         <input_file_ref idref="fl-9"/>
      </object_component>
      <object_component id="oc-19f">
         <name>.debug_line</name>
         <load_address>0x2a66</load_address>
         <run_address>0x2a66</run_address>
         <size>0x3e</size>
         <input_file_ref idref="fl-9"/>
      </object_component>
      <object_component id="oc-263">
         <name>.debug_line</name>
         <load_address>0x2aa4</load_address>
         <run_address>0x2aa4</run_address>
         <size>0x173</size>
         <input_file_ref idref="fl-a"/>
      </object_component>
      <object_component id="oc-25f">
         <name>.debug_line</name>
         <load_address>0x2c17</load_address>
         <run_address>0x2c17</run_address>
         <size>0x3f</size>
         <input_file_ref idref="fl-a"/>
      </object_component>
      <object_component id="oc-261">
         <name>.debug_line</name>
         <load_address>0x2c56</load_address>
         <run_address>0x2c56</run_address>
         <size>0x3f</size>
         <input_file_ref idref="fl-a"/>
      </object_component>
      <object_component id="oc-25d">
         <name>.debug_line</name>
         <load_address>0x2c95</load_address>
         <run_address>0x2c95</run_address>
         <size>0x3f</size>
         <input_file_ref idref="fl-a"/>
      </object_component>
      <object_component id="oc-25b">
         <name>.debug_line</name>
         <load_address>0x2cd4</load_address>
         <run_address>0x2cd4</run_address>
         <size>0x3f</size>
         <input_file_ref idref="fl-a"/>
      </object_component>
      <object_component id="oc-f7">
         <name>.debug_line</name>
         <load_address>0x2d13</load_address>
         <run_address>0x2d13</run_address>
         <size>0x508</size>
         <input_file_ref idref="fl-a"/>
      </object_component>
      <object_component id="oc-1d1">
         <name>.debug_line</name>
         <load_address>0x321b</load_address>
         <run_address>0x321b</run_address>
         <size>0x3f</size>
         <input_file_ref idref="fl-a"/>
      </object_component>
      <object_component id="oc-1cb">
         <name>.debug_line</name>
         <load_address>0x325a</load_address>
         <run_address>0x325a</run_address>
         <size>0x61</size>
         <input_file_ref idref="fl-a"/>
      </object_component>
      <object_component id="oc-10c">
         <name>.debug_line</name>
         <load_address>0x32bb</load_address>
         <run_address>0x32bb</run_address>
         <size>0x92</size>
         <input_file_ref idref="fl-b"/>
      </object_component>
      <object_component id="oc-da">
         <name>.debug_line</name>
         <load_address>0x334d</load_address>
         <run_address>0x334d</run_address>
         <size>0x53</size>
         <input_file_ref idref="fl-b"/>
      </object_component>
      <object_component id="oc-10a">
         <name>.debug_line</name>
         <load_address>0x33a0</load_address>
         <run_address>0x33a0</run_address>
         <size>0x53</size>
         <input_file_ref idref="fl-b"/>
      </object_component>
      <object_component id="oc-33">
         <name>.debug_line</name>
         <load_address>0x33f3</load_address>
         <run_address>0x33f3</run_address>
         <size>0x192</size>
         <input_file_ref idref="fl-b"/>
      </object_component>
      <object_component id="oc-2e">
         <name>.debug_line</name>
         <load_address>0x3585</load_address>
         <run_address>0x3585</run_address>
         <size>0xe8</size>
         <input_file_ref idref="fl-c"/>
      </object_component>
      <object_component id="oc-257">
         <name>.debug_line</name>
         <load_address>0x366d</load_address>
         <run_address>0x366d</run_address>
         <size>0x8f</size>
         <input_file_ref idref="fl-d"/>
      </object_component>
      <object_component id="oc-255">
         <name>.debug_line</name>
         <load_address>0x36fc</load_address>
         <run_address>0x36fc</run_address>
         <size>0x50</size>
         <input_file_ref idref="fl-d"/>
      </object_component>
      <object_component id="oc-24e">
         <name>.debug_line</name>
         <load_address>0x374c</load_address>
         <run_address>0x374c</run_address>
         <size>0x50</size>
         <input_file_ref idref="fl-d"/>
      </object_component>
      <object_component id="oc-24c">
         <name>.debug_line</name>
         <load_address>0x379c</load_address>
         <run_address>0x379c</run_address>
         <size>0x50</size>
         <input_file_ref idref="fl-d"/>
      </object_component>
      <object_component id="oc-df">
         <name>.debug_line</name>
         <load_address>0x37ec</load_address>
         <run_address>0x37ec</run_address>
         <size>0x1c7</size>
         <input_file_ref idref="fl-d"/>
      </object_component>
      <object_component id="oc-252">
         <name>.debug_line</name>
         <load_address>0x39b3</load_address>
         <run_address>0x39b3</run_address>
         <size>0x50</size>
         <input_file_ref idref="fl-d"/>
      </object_component>
      <object_component id="oc-2a5">
         <name>.debug_line</name>
         <load_address>0x3a03</load_address>
         <run_address>0x3a03</run_address>
         <size>0xfb</size>
         <input_file_ref idref="fl-e"/>
      </object_component>
      <object_component id="oc-14f">
         <name>.debug_line</name>
         <load_address>0x3afe</load_address>
         <run_address>0x3afe</run_address>
         <size>0x65</size>
         <input_file_ref idref="fl-e"/>
      </object_component>
      <object_component id="oc-29c">
         <name>.debug_line</name>
         <load_address>0x3b63</load_address>
         <run_address>0x3b63</run_address>
         <size>0x147</size>
         <input_file_ref idref="fl-10"/>
      </object_component>
      <object_component id="oc-29a">
         <name>.debug_line</name>
         <load_address>0x3caa</load_address>
         <run_address>0x3caa</run_address>
         <size>0x3a</size>
         <input_file_ref idref="fl-10"/>
      </object_component>
      <object_component id="oc-142">
         <name>.debug_line</name>
         <load_address>0x3ce4</load_address>
         <run_address>0x3ce4</run_address>
         <size>0x1ea</size>
         <input_file_ref idref="fl-10"/>
      </object_component>
      <object_component id="oc-204">
         <name>.debug_line</name>
         <load_address>0x3ece</load_address>
         <run_address>0x3ece</run_address>
         <size>0x20</size>
         <input_file_ref idref="fl-10"/>
      </object_component>
      <object_component id="oc-1ef">
         <name>.debug_line</name>
         <load_address>0x3eee</load_address>
         <run_address>0x3eee</run_address>
         <size>0xf5</size>
         <input_file_ref idref="fl-15"/>
      </object_component>
      <object_component id="oc-2ea">
         <name>.debug_line</name>
         <load_address>0x3fe3</load_address>
         <run_address>0x3fe3</run_address>
         <size>0x72</size>
         <input_file_ref idref="fl-1e"/>
      </object_component>
      <object_component id="oc-2e4">
         <name>.debug_line</name>
         <load_address>0x4055</load_address>
         <run_address>0x4055</run_address>
         <size>0x53</size>
         <input_file_ref idref="fl-1e"/>
      </object_component>
      <object_component id="oc-2e6">
         <name>.debug_line</name>
         <load_address>0x40a8</load_address>
         <run_address>0x40a8</run_address>
         <size>0x53</size>
         <input_file_ref idref="fl-1e"/>
      </object_component>
      <object_component id="oc-2e8">
[...]
         <name>IntRegister</name>
         <value>0x5b9b</value>
         <object_component_ref idref="oc-1e5"/>
      </symbol>
      <symbol id="sm-84d">
         <name>IntPriorityGet</name>
         <value>0x5ca3</value>
         <object_component_ref idref="oc-1e5"/>
      </symbol>
      <symbol id="sm-84e">
         <name>IntMasterDisable</name>
         <value>0x5b8b</value>
         <object_component_ref idref="oc-1e5"/>
      </symbol>
      <symbol id="sm-84f">
         <name>IntUnregister</name>
         <value>0x5bed</value>
         <object_component_ref idref="oc-1e5"/>
      </symbol>
      <symbol id="sm-850">
         <name>IntPriorityMaskGet</name>
         <value>0x5efb</value>
         <object_component_ref idref="oc-1e5"/>
      </symbol>
      <symbol id="sm-851">
         <name>g_pfnRAMVectors</name>
         <value>0x20000000</value>
         <object_component_ref idref="oc-268"/>
      </symbol>
      <symbol id="sm-852">
         <name>IntMasterEnable</name>
         <value>0x5b7b</value>
         <object_component_ref idref="oc-1e5"/>
      </symbol>
      <symbol id="sm-853">
         <name>IntPendSet</name>
         <value>0x5e31</value>
         <object_component_ref idref="oc-1e5"/>
      </symbol>
      <symbol id="sm-8d4">
         <name>PWMGenFaultTriggerSet</name>
         <value>0x5a01</value>
         <object_component_ref idref="oc-20d"/>
      </symbol>
      <symbol id="sm-8d5">
         <name>PWMClockGet</name>
         <value>0x5adb</value>
         <object_component_ref idref="oc-20d"/>
      </symbol>
      <symbol id="sm-8d6">
         <name>PWMGenFaultClear</name>
         <value>0x5a85</value>
         <object_component_ref idref="oc-20d"/>
      </symbol>
      <symbol id="sm-8d7">
         <name>PWMGenPeriodSet</name>
         <value>0x54ab</value>
         <object_component_ref idref="oc-20d"/>
      </symbol>
      <symbol id="sm-8d8">
         <name>PWMGenIntStatus</name>
         <value>0x590f</value>
         <object_component_ref idref="oc-20d"/>
      </symbol>
      <symbol id="sm-8d9">
         <name>PWMFaultIntRegister</name>
         <value>0x589b</value>
         <object_component_ref idref="oc-20d"/>
      </symbol>
      <symbol id="sm-8da">
         <name>PWMGenIntTrigEnable</name>
         <value>0x58d3</value>
         <object_component_ref idref="oc-20d"/>
      </symbol>
      <symbol id="sm-8db">
         <name>PWMGenFaultStatus</name>
         <value>0x5a4f</value>
         <object_component_ref idref="oc-20d"/>
      </symbol>
      <symbol id="sm-8dc">
         <name>PWMGenDisable</name>
         <value>0x551f</value>
         <object_component_ref idref="oc-20d"/>
      </symbol>
      <symbol id="sm-8dd">
         <name>PWMDeadBandEnable</name>
         <value>0x55cd</value>
         <object_component_ref idref="oc-20d"/>
      </symbol>
      <symbol id="sm-8de">
         <name>PWMOutputUpdateMode</name>
         <value>0x5b05</value>
         <object_component_ref idref="oc-20d"/>
      </symbol>
      <symbol id="sm-8df">
         <name>PWMClockSet</name>
         <value>0x5abb</value>
         <object_component_ref idref="oc-20d"/>
      </symbol>
      <symbol id="sm-8e0">
         <name>PWMPulseWidthSet</name>
         <value>0x5539</value>
         <object_component_ref idref="oc-20d"/>
      </symbol>
      <symbol id="sm-8e1">
         <name>PWMFaultIntClearExt</name>
         <value>0x59b3</value>
         <object_component_ref idref="oc-20d"/>
      </symbol>
      <symbol id="sm-8e2">
         <name>PWMIntDisable</name>
         <value>0x5969</value>
         <object_component_ref idref="oc-20d"/>
      </symbol>
      <symbol id="sm-8e3">
         <name>PWMGenFaultConfigure</name>
         <value>0x59d1</value>
         <object_component_ref idref="oc-20d"/>
      </symbol>
      <symbol id="sm-8e4">
         <name>PWMOutputFaultLevel</name>
         <value>0x56a9</value>
         <object_component_ref idref="oc-20d"/>
      </symbol>
      <symbol id="sm-8e5">
         <name>PWMGenFaultTriggerGet</name>
         <value>0x5a2b</value>
         <object_component_ref idref="oc-20d"/>
      </symbol>
      <symbol id="sm-8e6">
         <name>PWMOutputFault</name>
         <value>0x56db</value>
         <object_component_ref idref="oc-20d"/>
      </symbol>
      <symbol id="sm-8e7">
         <name>PWMDeadBandDisable</name>
         <value>0x5605</value>
         <object_component_ref idref="oc-20d"/>
      </symbol>
      <symbol id="sm-8e8">
         <name>PWMGenIntUnregister</name>
         <value>0x5835</value>
         <object_component_ref idref="oc-20d"/>
      </symbol>
      <symbol id="sm-8e9">
         <name>PWMGenIntClear</name>
         <value>0x5939</value>
         <object_component_ref idref="oc-20d"/>
      </symbol>
      <symbol id="sm-8ea">
         <name>PWMSyncTimeBase</name>
         <value>0x5633</value>
         <object_component_ref idref="oc-20d"/>
      </symbol>
      <symbol id="sm-8eb">
         <name>PWMGenPeriodGet</name>
         <value>0x54db</value>
         <object_component_ref idref="oc-20d"/>
      </symbol>
      <symbol id="sm-8ec">
         <name>PWMSyncUpdate</name>
         <value>0x5621</value>
         <object_component_ref idref="oc-20d"/>
      </symbol>
      <symbol id="sm-8ed">
         <name>PWMGenIntRegister</name>
         <value>0x580d</value>
         <object_component_ref idref="oc-20d"/>
      </symbol>
      <symbol id="sm-8ee">
         <name>PWMOutputState</name>
         <value>0x5645</value>
         <object_component_ref idref="oc-20d"/>
      </symbol>
      <symbol id="sm-8ef">
         <name>PWMGenEnable</name>
         <value>0x5505</value>
         <object_component_ref idref="oc-20d"/>
      </symbol>
      <symbol id="sm-8f0">
         <name>PWMFaultIntClear</name>
         <value>0x5981</value>
         <object_component_ref idref="oc-20d"/>
      </symbol>
      <symbol id="sm-8f1">
         <name>PWMIntStatus</name>
         <value>0x5993</value>
         <object_component_ref idref="oc-20d"/>
      </symbol>
      <symbol id="sm-8f2">
         <name>PWMIntEnable</name>
         <value>0x5951</value>
         <object_component_ref idref="oc-20d"/>
      </symbol>
      <symbol id="sm-8f3">
         <name>PWMGenConfigure</name>
         <value>0x5461</value>
         <object_component_ref idref="oc-20d"/>
      </symbol>
      <symbol id="sm-8f4">
         <name>PWMGenIntTrigDisable</name>
         <value>0x58f1</value>
         <object_component_ref idref="oc-20d"/>
      </symbol>
      <symbol id="sm-8f5">
         <name>PWMPulseWidthGet</name>
         <value>0x5583</value>
         <object_component_ref idref="oc-20d"/>
      </symbol>
      <symbol id="sm-8f6">
         <name>PWMOutputInvert</name>
         <value>0x5677</value>
         <object_component_ref idref="oc-20d"/>
      </symbol>
      <symbol id="sm-8f7">
         <name>PWMFaultIntUnregister</name>
         <value>0x58b9</value>
         <object_component_ref idref="oc-20d"/>
      </symbol>
      <symbol id="sm-a3c">
         <name>SysCtlGPIOAHBEnable</name>
         <value>0x3e57</value>
         <object_component_ref idref="oc-138"/>
      </symbol>
      <symbol id="sm-a3d">
         <name>SysCtlIntRegister</name>
         <value>0x3535</value>
         <object_component_ref idref="oc-138"/>
      </symbol>
      <symbol id="sm-a3e">
         <name>SysCtlFlashSizeGet</name>
         <value>0x3177</value>
         <object_component_ref idref="oc-138"/>
      </symbol>
      <symbol id="sm-a3f">
         <name>SysCtlPeripheralDeepSleepEnable</name>
         <value>0x3449</value>
         <object_component_ref idref="oc-138"/>
      </symbol>
      <symbol id="sm-a40">
         <name>SysCtlLDODeepSleepGet</name>
         <value>0x35db</value>
         <object_component_ref idref="oc-138"/>
      </symbol>
      <symbol id="sm-a41">
         <name>SysCtlFlashSectorSizeGet</name>
         <value>0x31a3</value>
         <object_component_ref idref="oc-138"/>
      </symbol>
      <symbol id="sm-a42">
         <name>SysCtlIntDisable</name>
         <value>0x3571</value>
         <object_component_ref idref="oc-138"/>
      </symbol>
      <symbol id="sm-a43">
         <name>SysCtlResetBehaviorGet</name>
         <value>0x36c1</value>
         <object_component_ref idref="oc-138"/>
      </symbol>
      <symbol id="sm-a44">
         <name>SysCtlPeripheralPresent</name>
         <value>0x31c9</value>
         <object_component_ref idref="oc-138"/>
      </symbol>
      <symbol id="sm-a45">
         <name>SysCtlDeepSleepClockSet</name>
         <value>0x3d7f</value>
         <object_component_ref idref="oc-138"/>
      </symbol>
      <symbol id="sm-a46">
         <name>SysCtlClockSet</name>
         <value>0x3a09</value>
         <object_component_ref idref="oc-138"/>
      </symbol>
      <symbol id="sm-a47">
         <name>SysCtlAltClkConfig</name>
         <value>0x3fe9</value>
         <object_component_ref idref="oc-138"/>
      </symbol>
      <symbol id="sm-a48">
         <name>SysCtlPeripheralClockGating</name>
         <value>0x34e1</value>
         <object_component_ref idref="oc-138"/>
      </symbol>
      <symbol id="sm-a49">
         <name>SysCtlIntStatus</name>
         <value>0x3599</value>
         <object_component_ref idref="oc-138"/>
      </symbol>
      <symbol id="sm-a4a">
         <name>SysCtlIntClear</name>
         <value>0x3589</value>
         <object_component_ref idref="oc-138"/>
      </symbol>
      <symbol id="sm-a4b">
         <name>SysCtlVoltageEventStatus</name>
         <value>0x3ebd</value>
         <object_component_ref idref="oc-138"/>
      </symbol>
      <symbol id="sm-a4c">
         <name>SysCtlVoltageEventConfig</name>
         <value>0x3ead</value>
         <object_component_ref idref="oc-138"/>
      </symbol>
      <symbol id="sm-a4d">
         <name>SysCtlResetCauseGet</name>
         <value>0x3631</value>
         <object_component_ref idref="oc-138"/>
      </symbol>
      <symbol id="sm-a4e">
         <name>SysCtlSleep</name>
         <value>0x360d</value>
         <object_component_ref idref="oc-138"/>
      </symbol>
      <symbol id="sm-a4f">
         <name>SysCtlPWMClockGet</name>
         <value>0x3e41</value>
         <object_component_ref idref="oc-138"/>
      </symbol>
      <symbol id="sm-a50">
         <name>SysCtlDeepSleepPowerSet</name>
         <value>0x35f5</value>
         <object_component_ref idref="oc-138"/>
      </symbol>
      <symbol id="sm-a51">
         <name>SysCtlClockOutConfig</name>
         <value>0x3fcd</value>
         <object_component_ref idref="oc-138"/>
      </symbol>
      <symbol id="sm-a52">
         <name>SysCtlNMIStatus</name>
         <value>0x3f9d</value>
         <object_component_ref idref="oc-138"/>
      </symbol>
      <symbol id="sm-a53">
         <name>SysCtlDeepSleepClockConfigSet</name>
         <value>0x3d9d</value>
         <object_component_ref idref="oc-138"/>
      </symbol>
      <symbol id="sm-a54">
         <name>SysCtlDelay</name>
         <value>0x6df3</value>
         <object_component_ref idref="oc-1fa"/>
      </symbol>
      <symbol id="sm-a55">
         <name>SysCtlVoltageEventClear</name>
         <value>0x3ec9</value>
         <object_component_ref idref="oc-138"/>
      </symbol>
      <symbol id="sm-a56">
         <name>SysCtlLDOSleepSet</name>
         <value>0x35b5</value>
         <object_component_ref idref="oc-138"/>
      </symbol>
      <symbol id="sm-a57">
         <name>SysCtlMOSCConfigSet</name>
         <value>0x364b</value>
         <object_component_ref idref="oc-138"/>
      </symbol>
      <symbol id="sm-a58">
         <name>SysCtlPeripheralEnable</name>
         <value>0x3349</value>
         <object_component_ref idref="oc-138"/>
      </symbol>
      <symbol id="sm-a59">
         <name>SysCtlIntEnable</name>
         <value>0x355d</value>
         <object_component_ref idref="oc-138"/>
      </symbol>
      <symbol id="sm-a5a">
         <name>SysCtlNMIClear</name>
         <value>0x3fb1</value>
         <object_component_ref idref="oc-138"/>
      </symbol>
      <symbol id="sm-a5b">
         <name>SysCtlPeripheralPowerOff</name>
         <value>0x3285</value>
         <object_component_ref idref="oc-138"/>
      </symbol>
      <symbol id="sm-a5c">
         <name>SysCtlSleepPowerSet</name>
         <value>0x35e1</value>
         <object_component_ref idref="oc-138"/>
      </symbol>
      <symbol id="sm-a5d">
         <name>SysCtlDeepSleep</name>
         <value>0x3615</value>
         <object_component_ref idref="oc-138"/>
      </symbol>
      <symbol id="sm-a5e">
         <name>SysCtlLDODeepSleepSet</name>
         <value>0x35cb</value>
         <object_component_ref idref="oc-138"/>
      </symbol>
      <symbol id="sm-a5f">
         <name>SysCtlPeripheralPowerOn</name>
         <value>0x3249</value>
         <object_component_ref idref="oc-138"/>
      </symbol>
      <symbol id="sm-a60">
         <name>SysCtlPeripheralDeepSleepDisable</name>
         <value>0x3499</value>
         <object_component_ref idref="oc-138"/>
      </symbol>
      <symbol id="sm-a61">
         <name>SysCtlPeripheralSleepDisable</name>
         <value>0x340d</value>
         <object_component_ref idref="oc-138"/>
      </symbol>
      <symbol id="sm-a62">
         <name>SysCtlVCOGet</name>
         <value>0x3ee1</value>
         <object_component_ref idref="oc-138"/>
      </symbol>
      <symbol id="sm-a63">
         <name>SysCtlResetBehaviorSet</name>
         <value>0x36b1</value>
         <object_component_ref idref="oc-138"/>
      </symbol>
      <symbol id="sm-a64">
         <name>SysCtlReset</name>
         <value>0x3605</value>
         <object_component_ref idref="oc-138"/>
      </symbol>
      <symbol id="sm-a65">
         <name>SysCtlGPIOAHBDisable</name>
         <value>0x3e73</value>
         <object_component_ref idref="oc-138"/>
      </symbol>
      <symbol id="sm-a66">
         <name>SysCtlSRAMSizeGet</name>
         <value>0x316d</value>
         <object_component_ref idref="oc-138"/>
      </symbol>
      <symbol id="sm-a67">
         <name>SysCtlClockGet</name>
         <value>0x3bd9</value>
         <object_component_ref idref="oc-138"/>
      </symbol>
      <symbol id="sm-a68">
         <name>SysCtlPeripheralDisable</name>
         <value>0x3385</value>
         <object_component_ref idref="oc-138"/>
      </symbol>
      <symbol id="sm-a69">
         <name>SysCtlPWMClockSet</name>
         <value>0x3e27</value>
         <object_component_ref idref="oc-138"/>
      </symbol>
      <symbol id="sm-a6a">
         <name>SysCtlUSBPLLEnable</name>
         <value>0x3e8f</value>
         <object_component_ref idref="oc-138"/>
      </symbol>
      <symbol id="sm-a6b">
         <name>SysCtlPeripheralSleepEnable</name>
         <value>0x33c9</value>
         <object_component_ref idref="oc-138"/>
      </symbol>
      <symbol id="sm-a6c">
         <name>SysCtlIntUnregister</name>
         <value>0x354d</value>
         <object_component_ref idref="oc-138"/>
      </symbol>
      <symbol id="sm-a6d">
         <name>SysCtlUSBPLLDisable</name>
         <value>0x3e9b</value>
         <object_component_ref idref="oc-138"/>
      </symbol>
      <symbol id="sm-a6e">
         <name>SysCtlPeripheralReady</name>
         <value>0x3209</value>
         <object_component_ref idref="oc-138"/>
      </symbol>
      <symbol id="sm-a6f">
         <name>SysCtlPIOSCCalibrate</name>
         <value>0x3661</value>
         <object_component_ref idref="oc-138"/>
      </symbol>
      <symbol id="sm-a70">
         <name>SysCtlResetCauseClear</name>
         <value>0x3637</value>
         <object_component_ref idref="oc-138"/>
      </symbol>
      <symbol id="sm-a71">
         <name>SysCtlLDOSleepGet</name>
         <value>0x35c5</value>
         <object_component_ref idref="oc-138"/>
      </symbol>
      <symbol id="sm-a72">
         <name>SysCtlClockFreqSet</name>
         <value>0x3711</value>
         <object_component_ref idref="oc-138"/>
      </symbol>
      <symbol id="sm-a73">
         <name>SysCtlPeripheralReset</name>
         <value>0x32c1</value>
         <object_component_ref idref="oc-138"/>
      </symbol>
      <symbol id="sm-a89">
         <name>__aeabi_memset</name>
         <value>0x6bc9</value>
         <object_component_ref idref="oc-b3"/>
      </symbol>
      <symbol id="sm-a8a">
         <name>memset</name>
         <value>0x6bcf</value>
         <object_component_ref idref="oc-b3"/>
      </symbol>
      <symbol id="sm-a8b">
         <name>__aeabi_memset8</name>
         <value>0x6bc9</value>
         <object_component_ref idref="oc-b3"/>
      </symbol>
      <symbol id="sm-a8c">
         <name>__aeabi_memset4</name>
         <value>0x6bc9</value>
         <object_component_ref idref="oc-b3"/>
      </symbol>
      <symbol id="sm-a8d">
         <name>__aeabi_memclr8</name>
         <value>0x6bc7</value>
         <object_component_ref idref="oc-b3"/>
      </symbol>
      <symbol id="sm-a8e">
         <name>__aeabi_memclr4</name>
         <value>0x6bc7</value>
         <object_component_ref idref="oc-b3"/>
      </symbol>
      <symbol id="sm-a8f">
         <name>__aeabi_memclr</name>
         <value>0x6bc7</value>
         <object_component_ref idref="oc-b3"/>
      </symbol>
      <symbol id="sm-aaa">
         <name>memcpy</name>
         <value>0x6b2b</value>
         <object_component_ref idref="oc-43"/>
      </symbol>
      <symbol id="sm-aab">
         <name>__aeabi_memcpy</name>
         <value>0x6b2b</value>
         <object_component_ref idref="oc-43"/>
      </symbol>
      <symbol id="sm-aac">
         <name>__aeabi_memcpy8</name>
         <value>0x6b2b</value>
         <object_component_ref idref="oc-43"/>
      </symbol>
      <symbol id="sm-aad">
         <name>__aeabi_memcpy4</name>
         <value>0x6b2b</value>
         <object_component_ref idref="oc-43"/>
      </symbol>
      <symbol id="sm-abf">
         <name>__TI_zero_init</name>
         <value>0x6ddb</value>
         <object_component_ref idref="oc-55"/>
      </symbol>
      <symbol id="sm-ad6">
         <name>__TI_decompress_none</name>
         <value>0x6dcd</value>
         <object_component_ref idref="oc-18"/>
      </symbol>
      <symbol id="sm-af9">
         <name>__TI_decompress_lzss</name>
         <value>0x6c41</value>
         <object_component_ref idref="oc-12"/>
      </symbol>
      <symbol id="sm-b07">
         <name>strlen</name>
         <value>0x6db9</value>
         <object_component_ref idref="oc-fc"/>
      </symbol>
      <symbol id="sm-b1a">
         <name>__stack</name>
         <value>0x20001d58</value>
         <object_component_ref idref="oc-21"/>
      </symbol>
      <symbol id="sm-b1b">
         <name>_c_int00_noargs</name>
         <value>0x6d85</value>
         <object_component_ref idref="oc-61"/>
      </symbol>
      <symbol id="sm-b43">
         <name>__TI_auto_init_nobinit_nopinit</name>
         <value>0x6d01</value>
         <object_component_ref idref="oc-15e"/>
      </symbol>
      <symbol id="sm-b4d">
         <name>_system_pre_init</name>
         <value>0x6df9</value>
         <object_component_ref idref="oc-b9"/>
      </symbol>
      <symbol id="sm-b59">
         <name>C$$EXIT</name>
         <value>0x6dfd</value>
         <object_component_ref idref="oc-152"/>
      </symbol>
      <symbol id="sm-b5a">
         <name>abort</name>
         <value>0x6dfd</value>
         <object_component_ref idref="oc-152"/>
      </symbol>
      <symbol id="sm-b5d">
         <name>__TI_static_base__</name>
         <value>0x0</value>
      </symbol>
      <symbol id="sm-b60">
         <name>__mpu_init</name>
         <value>0x0</value>
      </symbol>
      <symbol id="sm-b61">
         <name>_system_post_cinit</name>
         <value>0x0</value>
      </symbol>
   </symbol_table>
   <title>Link successful</title>
</link_info>
