<?xml version="1.0" encoding="ISO-8859-1" ?>
<link_info>
   <banner>TI ARM Linker Unix v18.12.2.LTS</banner>
   <copyright>Copyright (c) 1996-2018 Texas Instruments Incorporated</copyright>
   <link_time>0x5de6b9d1</link_time>
   <link_errors>0x0</link_errors>
   <output_file>IFFF.out</output_file>
   <entry_point>
      <name>_c_int00_noargs</name>
      <address>0x74b1</address>
   </entry_point>
   <input_file_list>
      <input_file id="fl-2">
         <path>./</path>
         <kind>object</kind>
         <file>main.obj</file>
         <name>main.obj</name>
      </input_file>
      <input_file id="fl-3">
         <path>./</path>
         <kind>object</kind>
         <file>tm4c123gh6pm_startup_ccs.obj</file>
         <name>tm4c123gh6pm_startup_ccs.obj</name>
      </input_file>
      <input_file id="fl-4">
         <path>./FreeRTOS/Source/</path>
         <kind>object</kind>
         <file>croutine.obj</file>
         <name>croutine.obj</name>
      </input_file>
      <input_file id="fl-5">
         <path>./FreeRTOS/Source/</path>
         <kind>object</kind>
         <file>event_groups.obj</file>
         <name>event_groups.obj</name>
      </input_file>
      <input_file id="fl-6">
         <path>./FreeRTOS/Source/</path>
         <kind>object</kind>
         <file>list.obj</file>
         <name>list.obj</name>
      </input_file>
      <input_file id="fl-7">
         <path>./FreeRTOS/Source/</path>
         <kind>object</kind>
         <file>queue.obj</file>
         <name>queue.obj</name>
      </input_file>
      <input_file id="fl-8">
         <path>./FreeRTOS/Source/</path>
         <kind>object</kind>
         <file>stream_buffer.obj</file>
         <name>stream_buffer.obj</name>
      </input_file>
      <input_file id="fl-9">
         <path>./FreeRTOS/Source/</path>
         <kind>object</kind>
         <file>tasks.obj</file>
         <name>tasks.obj</name>
      </input_file>
      <input_file id="fl-a">
         <path>./FreeRTOS/Source/</path>
         <kind>object</kind>
         <file>timers.obj</file>
         <name>timers.obj</name>
      </input_file>
      <input_file id="fl-b">
         <path>./FreeRTOS/Source/portable/CCS/ARM_CM4F/</path>
         <kind>object</kind>
         <file>port.obj</file>
         <name>port.obj</name>
      </input_file>
      <input_file id="fl-c">
         <path>./FreeRTOS/Source/portable/CCS/ARM_CM4F/</path>
         <kind>object</kind>
         <file>portasm.obj</file>
         <name>portasm.obj</name>
      </input_file>
      <input_file id="fl-d">
         <path>./FreeRTOS/Source/portable/MemMang/</path>
         <kind>object</kind>
         <file>heap_4.obj</file>
         <name>heap_4.obj</name>
      </input_file>
      <input_file id="fl-e">
         <path>./src/</path>
         <kind>object</kind>
         <file>error_checking.obj</file>
         <name>error_checking.obj</name>
      </input_file>
      <input_file id="fl-f">
         <path>./src/</path>
         <kind>object</kind>
         <file>led.obj</file>
         <name>led.obj</name>
      </input_file>
      <input_file id="fl-10">
         <path>./src/</path>
         <kind>object</kind>
         <file>motor_control.obj</file>
         <name>motor_control.obj</name>
      </input_file>
      <input_file id="fl-11">
         <path>./tivaware_c_series_2_1_4_178/driverlib/</path>
         <kind>object</kind>
         <file>adc.obj</file>
         <name>adc.obj</name>
      </input_file>
      <input_file id="fl-12">
         <path>./tivaware_c_series_2_1_4_178/driverlib/</path>
         <kind>object</kind>
         <file>aes.obj</file>
         <name>aes.obj</name>
      </input_file>
      <input_file id="fl-13">
         <path>./tivaware_c_series_2_1_4_178/driverlib/</path>
         <kind>object</kind>
         <file>can.obj</file>
         <name>can.obj</name>
      </input_file>
      <input_file id="fl-14">
         <path>./tivaware_c_series_2_1_4_178/driverlib/</path>
         <kind>object</kind>
         <file>comp.obj</file>
         <name>comp.obj</name>
      </input_file>
      <input_file id="fl-15">
         <path>./tivaware_c_series_2_1_4_178/driverlib/</path>
         <kind>object</kind>
         <file>cpu.obj</file>
         <name>cpu.obj</name>
      </input_file>
      <input_file id="fl-16">
         <path>./tivaware_c_series_2_1_4_178/driverlib/</path>
         <kind>object</kind>
         <file>crc.obj</file>
         <name>crc.obj</name>
      </input_file>
      <input_file id="fl-17">
         <path>./tivaware_c_series_2_1_4_178/driverlib/</path>
         <kind>object</kind>
         <file>des.obj</file>
         <name>des.obj</name>
      </input_file>
      <input_file id="fl-18">
         <path>./tivaware_c_series_2_1_4_178/driverlib/</path>
         <kind>object</kind>
         <file>eeprom.obj</file>
         <name>eeprom.obj</name>
      </input_file>
      <input_file id="fl-19">
         <path>./tivaware_c_series_2_1_4_178/driverlib/</path>
         <kind>object</kind>
         <file>emac.obj</file>
         <name>emac.obj</name>
      </input_file>
      <input_file id="fl-1a">
         <path>./tivaware_c_series_2_1_4_178/driverlib/</path>
         <kind>object</kind>
         <file>epi.obj</file>
         <name>epi.obj</name>
      </input_file>
      <input_file id="fl-1b">
         <path>./tivaware_c_series_2_1_4_178/driverlib/</path>
         <kind>object</kind>
         <file>epi_workaround_ccs.obj</file>
         <name>epi_workaround_ccs.obj</name>
      </input_file>
      <input_file id="fl-1c">
         <path>./tivaware_c_series_2_1_4_178/driverlib/</path>
         <kind>object</kind>
         <file>flash.obj</file>
         <name>flash.obj</name>
      </input_file>
      <input_file id="fl-1d">
         <path>./tivaware_c_series_2_1_4_178/driverlib/</path>
         <kind>object</kind>
         <file>fpu.obj</file>
         <name>fpu.obj</name>
      </input_file>
      <input_file id="fl-1e">
         <path>./tivaware_c_series_2_1_4_178/driverlib/</path>
         <kind>object</kind>
         <file>gpio.obj</file>
         <name>gpio.obj</name>
      </input_file>
      <input_file id="fl-1f">
         <path>./tivaware_c_series_2_1_4_178/driverlib/</path>
         <kind>object</kind>
         <file>hibernate.obj</file>
         <name>hibernate.obj</name>
      </input_file>
      <input_file id="fl-20">
         <path>./tivaware_c_series_2_1_4_178/driverlib/</path>
         <kind>object</kind>
         <file>i2c.obj</file>
         <name>i2c.obj</name>
      </input_file>
      <input_file id="fl-21">
         <path>./tivaware_c_series_2_1_4_178/driverlib/</path>
         <kind>object</kind>
         <file>interrupt.obj</file>
         <name>interrupt.obj</name>
      </input_file>
      <input_file id="fl-22">
         <path>./tivaware_c_series_2_1_4_178/driverlib/</path>
         <kind>object</kind>
         <file>lcd.obj</file>
         <name>lcd.obj</name>
      </input_file>
      <input_file id="fl-23">
         <path>./tivaware_c_series_2_1_4_178/driverlib/</path>
         <kind>object</kind>
         <file>mpu.obj</file>
         <name>mpu.obj</name>
      </input_file>
      <input_file id="fl-24">
         <path>./tivaware_c_series_2_1_4_178/driverlib/</path>
         <kind>object</kind>
         <file>onewire.obj</file>
         <name>onewire.obj</name>
      </input_file>
      <input_file id="fl-25">
         <path>./tivaware_c_series_2_1_4_178/driverlib/</path>
         <kind>object</kind>
         <file>pwm.obj</file>
         <name>pwm.obj</name>
      </input_file>
      <input_file id="fl-26">
         <path>./tivaware_c_series_2_1_4_178/driverlib/</path>
         <kind>object</kind>
         <file>qei.obj</file>
         <name>qei.obj</name>
      </input_file>
      <input_file id="fl-27">
         <path>./tivaware_c_series_2_1_4_178/driverlib/</path>
         <kind>object</kind>
         <file>shamd5.obj</file>
         <name>shamd5.obj</name>
      </input_file>
      <input_file id="fl-28">
         <path>./tivaware_c_series_2_1_4_178/driverlib/</path>
         <kind>object</kind>
         <file>ssi.obj</file>
         <name>ssi.obj</name>
      </input_file>
      <input_file id="fl-29">
         <path>./tivaware_c_series_2_1_4_178/driverlib/</path>
         <kind>object</kind>
         <file>sw_crc.obj</file>
         <name>sw_crc.obj</name>
      </input_file>
      <input_file id="fl-2a">
         <path>./tivaware_c_series_2_1_4_178/driverlib/</path>
         <kind>object</kind>
         <file>sysctl.obj</file>
         <name>sysctl.obj</name>
      </input_file>
      <input_file id="fl-2b">
         <path>./tivaware_c_series_2_1_4_178/driverlib/</path>
         <kind>object</kind>
         <file>sysexc.obj</file>
         <name>sysexc.obj</name>
      </input_file>
      <input_file id="fl-2c">
         <path>./tivaware_c_series_2_1_4_178/driverlib/</path>
         <kind>object</kind>
         <file>systick.obj</file>
         <name>systick.obj</name>
      </input_file>
      <input_file id="fl-2d">
         <path>./tivaware_c_series_2_1_4_178/driverlib/</path>
         <kind>object</kind>
         <file>timer.obj</file>
         <name>timer.obj</name>
      </input_file>
      <input_file id="fl-2e">
         <path>./tivaware_c_series_2_1_4_178/driverlib/</path>
         <kind>object</kind>
         <file>uart.obj</file>
         <name>uart.obj</name>
      </input_file>
      <input_file id="fl-2f">
         <path>./tivaware_c_series_2_1_4_178/driverlib/</path>
         <kind>object</kind>
         <file>udma.obj</file>
         <name>udma.obj</name>
      </input_file>
      <input_file id="fl-30">
         <path>./tivaware_c_series_2_1_4_178/driverlib/</path>
         <kind>object</kind>
         <file>usb.obj</file>
         <name>usb.obj</name>
      </input_file>
      <input_file id="fl-31">
         <path>./tivaware_c_series_2_1_4_178/driverlib/</path>
         <kind>object</kind>
         <file>watchdog.obj</file>
         <name>watchdog.obj</name>
      </input_file>
      <input_file id="fl-3a">
         <kind>object</kind>
         <file>&lt;internal&gt;</file>
         <name>&lt;internal&gt;</name>
      </input_file>
      <input_file id="fl-f0">
         <path>/home/jack/ti/ccs910/ccs/tools/compiler/ti-cgt-arm_18.12.2.LTS/lib/</path>
         <kind>archive</kind>
         <file>rtsv7M4_T_le_v4SPD16_eabi.lib</file>
         <name>memset_t2.asm.obj</name>
      </input_file>
      <input_file id="fl-f1">
         <path>/home/jack/ti/ccs910/ccs/tools/compiler/ti-cgt-arm_18.12.2.LTS/lib/</path>
         <kind>archive</kind>
         <file>rtsv7M4_T_le_v4SPD16_eabi.lib</file>
         <name>memcpy_t2.asm.obj</name>
      </input_file>
      <input_file id="fl-f2">
         <path>/home/jack/ti/ccs910/ccs/tools/compiler/ti-cgt-arm_18.12.2.LTS/lib/</path>
         <kind>archive</kind>
         <file>rtsv7M4_T_le_v4SPD16_eabi.lib</file>
         <name>copy_zero_init.c.obj</name>
      </input_file>
      <input_file id="fl-f3">
         <path>/home/jack/ti/ccs910/ccs/tools/compiler/ti-cgt-arm_18.12.2.LTS/lib/</path>
         <kind>archive</kind>
         <file>rtsv7M4_T_le_v4SPD16_eabi.lib</file>
         <name>copy_decompress_none.c.obj</name>
      </input_file>
      <input_file id="fl-f4">
         <path>/home/jack/ti/ccs910/ccs/tools/compiler/ti-cgt-arm_18.12.2.LTS/lib/</path>
         <kind>archive</kind>
         <file>rtsv7M4_T_le_v4SPD16_eabi.lib</file>
         <name>copy_decompress_lzss.c.obj</name>
      </input_file>
      <input_file id="fl-f5">
         <path>/home/jack/ti/ccs910/ccs/tools/compiler/ti-cgt-arm_18.12.2.LTS/lib/</path>
         <kind>archive</kind>
         <file>rtsv7M4_T_le_v4SPD16_eabi.lib</file>
         <name>strlen.c.obj</name>
      </input_file>
      <input_file id="fl-f6">
         <path>/home/jack/ti/ccs910/ccs/tools/compiler/ti-cgt-arm_18.12.2.LTS/lib/</path>
         <kind>archive</kind>
         <file>rtsv7M4_T_le_v4SPD16_eabi.lib</file>
         <name>boot_cortex_m.c.obj</name>
      </input_file>
      <input_file id="fl-f7">
         <path>/home/jack/ti/ccs910/ccs/tools/compiler/ti-cgt-arm_18.12.2.LTS/lib/</path>
         <kind>archive</kind>
         <file>rtsv7M4_T_le_v4SPD16_eabi.lib</file>
         <name>autoinit.c.obj</name>
      </input_file>
      <input_file id="fl-f8">
         <path>/home/jack/ti/ccs910/ccs/tools/compiler/ti-cgt-arm_18.12.2.LTS/lib/</path>
         <kind>archive</kind>
         <file>rtsv7M4_T_le_v4SPD16_eabi.lib</file>
         <name>pre_init.c.obj</name>
      </input_file>
      <input_file id="fl-f9">
         <path>/home/jack/ti/ccs910/ccs/tools/compiler/ti-cgt-arm_18.12.2.LTS/lib/</path>
         <kind>archive</kind>
         <file>rtsv7M4_T_le_v4SPD16_eabi.lib</file>
         <name>cpy_tbl.c.obj</name>
      </input_file>
      <input_file id="fl-fa">
         <path>/home/jack/ti/ccs910/ccs/tools/compiler/ti-cgt-arm_18.12.2.LTS/lib/</path>
         <kind>archive</kind>
         <file>rtsv7M4_T_le_v4SPD16_eabi.lib</file>
         <name>exit.c.obj</name>
      </input_file>
      <input_file id="fl-fb">
         <path>/home/jack/ti/ccs910/ccs/tools/compiler/ti-cgt-arm_18.12.2.LTS/lib/</path>
         <kind>archive</kind>
         <file>rtsv7M4_T_le_v4SPD16_eabi.lib</file>
         <name>_lock.c.obj</name>
      </input_file>
      <input_file id="fl-fc">
         <path>/home/jack/ti/ccs910/ccs/tools/compiler/ti-cgt-arm_18.12.2.LTS/lib/</path>
         <kind>archive</kind>
         <file>rtsv7M4_T_le_v4SPD16_eabi.lib</file>
         <name>args_main.c.obj</name>
      </input_file>
   </input_file_list>
   <object_component_list>
      <object_component id="oc-f">
         <name>.intvecs</name>
         <load_address>0x0</load_address>
         <run_address>0x0</run_address>
         <size>0x26c</size>
         <input_file_ref idref="fl-3"/>
      </object_component>
      <object_component id="oc-7c">
         <name>.text</name>
         <load_address>0x26c</load_address>
         <run_address>0x26c</run_address>
         <size>0x1c24</size>
         <input_file_ref idref="fl-9"/>
      </object_component>
      <object_component id="oc-143">
         <name>.text</name>
         <load_address>0x1e90</load_address>
         <run_address>0x1e90</run_address>
         <size>0x1198</size>
         <input_file_ref idref="fl-7"/>
      </object_component>
      <object_component id="oc-13d">
         <name>.text</name>
         <load_address>0x3028</load_address>
         <run_address>0x3028</run_address>
         <size>0xf80</size>
         <input_file_ref idref="fl-2a"/>
      </object_component>
      <object_component id="oc-243">
         <name>.text</name>
         <load_address>0x3fa8</load_address>
         <run_address>0x3fa8</run_address>
         <size>0xb94</size>
         <input_file_ref idref="fl-1e"/>
      </object_component>
      <object_component id="oc-16b">
         <name>.text</name>
         <load_address>0x4b3c</load_address>
         <run_address>0x4b3c</run_address>
         <size>0x8e0</size>
         <input_file_ref idref="fl-10"/>
      </object_component>
      <object_component id="oc-f3">
         <name>.text</name>
         <load_address>0x541c</load_address>
         <run_address>0x541c</run_address>
         <size>0x8a0</size>
         <input_file_ref idref="fl-a"/>
      </object_component>
      <object_component id="oc-254">
         <name>.text</name>
         <load_address>0x5cbc</load_address>
         <run_address>0x5cbc</run_address>
         <size>0x718</size>
         <input_file_ref idref="fl-25"/>
      </object_component>
      <object_component id="oc-20f">
         <name>.text</name>
         <load_address>0x63d4</load_address>
         <run_address>0x63d4</run_address>
         <size>0x3c0</size>
         <input_file_ref idref="fl-21"/>
      </object_component>
      <object_component id="oc-db">
         <name>.text</name>
         <load_address>0x6794</load_address>
         <run_address>0x6794</run_address>
         <size>0x36c</size>
         <input_file_ref idref="fl-d"/>
      </object_component>
      <object_component id="oc-2f">
         <name>.text</name>
         <load_address>0x6b00</load_address>
         <run_address>0x6b00</run_address>
         <size>0x2b4</size>
         <input_file_ref idref="fl-b"/>
      </object_component>
      <object_component id="oc-bf">
         <name>.text</name>
         <load_address>0x6db4</load_address>
         <run_address>0x6db4</run_address>
         <size>0x1dc</size>
         <input_file_ref idref="fl-2"/>
      </object_component>
      <object_component id="oc-e1">
         <name>.text</name>
         <load_address>0x6f90</load_address>
         <run_address>0x6f90</run_address>
         <size>0x132</size>
         <input_file_ref idref="fl-6"/>
      </object_component>
      <object_component id="oc-2a">
         <name>.text</name>
         <load_address>0x70c4</load_address>
         <run_address>0x70c4</run_address>
         <size>0xda</size>
         <input_file_ref idref="fl-c"/>
      </object_component>
      <object_component id="oc-15f">
         <name>.text</name>
         <load_address>0x71a0</load_address>
         <run_address>0x71a0</run_address>
         <size>0xb4</size>
         <input_file_ref idref="fl-e"/>
      </object_component>
      <object_component id="oc-43">
         <name>.text</name>
         <load_address>0x7254</load_address>
         <run_address>0x7254</run_address>
         <size>0x9c</size>
         <input_file_ref idref="fl-f1"/>
      </object_component>
      <object_component id="oc-b3">
         <name>.text</name>
         <load_address>0x72f0</load_address>
         <run_address>0x72f0</run_address>
         <size>0x7a</size>
         <input_file_ref idref="fl-f0"/>
      </object_component>
      <object_component id="oc-12">
         <name>.text:decompress:lzss:__TI_decompress_lzss</name>
         <load_address>0x736a</load_address>
         <run_address>0x736a</run_address>
         <size>0x68</size>
         <input_file_ref idref="fl-f4"/>
      </object_component>
      <object_component id="oc-165">
         <name>.text</name>
         <load_address>0x73d4</load_address>
         <run_address>0x73d4</run_address>
         <size>0x58</size>
         <input_file_ref idref="fl-f"/>
      </object_component>
      <object_component id="oc-183">
         <name>.text:__TI_auto_init_nobinit_nopinit:__TI_auto_init_nobinit_nopinit</name>
         <load_address>0x742c</load_address>
         <run_address>0x742c</run_address>
         <size>0x44</size>
         <input_file_ref idref="fl-f7"/>
      </object_component>
      <object_component id="oc-215">
         <name>.text</name>
         <load_address>0x7470</load_address>
         <run_address>0x7470</run_address>
         <size>0x3e</size>
         <input_file_ref idref="fl-15"/>
      </object_component>
      <object_component id="oc-61">
         <name>.text:_c_int00_noargs:_c_int00_noargs</name>
         <load_address>0x74b0</load_address>
         <run_address>0x74b0</run_address>
         <size>0x34</size>
         <input_file_ref idref="fl-f6"/>
      </object_component>
      <object_component id="oc-fc">
         <name>.text:strlen</name>
         <load_address>0x74e4</load_address>
         <run_address>0x74e4</run_address>
         <size>0x14</size>
         <input_file_ref idref="fl-f5"/>
      </object_component>
      <object_component id="oc-18">
         <name>.text:decompress:none:__TI_decompress_none</name>
         <load_address>0x74f8</load_address>
         <run_address>0x74f8</run_address>
         <size>0xe</size>
         <input_file_ref idref="fl-f3"/>
      </object_component>
      <object_component id="oc-55">
         <name>.text:decompress:ZI:__TI_zero_init</name>
         <load_address>0x7506</load_address>
         <run_address>0x7506</run_address>
         <size>0xc</size>
         <input_file_ref idref="fl-f2"/>
      </object_component>
      <object_component id="oc-24">
         <name>.text</name>
         <load_address>0x7512</load_address>
         <run_address>0x7512</run_address>
         <size>0xc</size>
         <input_file_ref idref="fl-3"/>
      </object_component>
      <object_component id="oc-224">
         <name>.text:SysCtlDelay</name>
         <load_address>0x751e</load_address>
         <run_address>0x751e</run_address>
         <size>0x6</size>
         <input_file_ref idref="fl-2a"/>
      </object_component>
      <object_component id="oc-b9">
         <name>.text:_system_pre_init</name>
         <load_address>0x7524</load_address>
         <run_address>0x7524</run_address>
         <size>0x4</size>
         <input_file_ref idref="fl-f8"/>
      </object_component>
      <object_component id="oc-177">
         <name>.text:abort:abort</name>
         <load_address>0x7528</load_address>
         <run_address>0x7528</run_address>
         <size>0x4</size>
         <input_file_ref idref="fl-fa"/>
      </object_component>
      <object_component id="oc-221">
         <name>.const:g_pppui32XTALtoVCO</name>
         <load_address>0x752c</load_address>
         <run_address>0x752c</run_address>
         <size>0x1b0</size>
         <input_file_ref idref="fl-2a"/>
      </object_component>
      <object_component id="oc-2ce">
         <name>.const:g_ppui32GPIOIntMapSnowflake</name>
         <load_address>0x76dc</load_address>
         <run_address>0x76dc</run_address>
         <size>0xd8</size>
         <input_file_ref idref="fl-1e"/>
      </object_component>
      <object_component id="oc-2cb">
         <name>.const:g_ppui32GPIOIntMapBlizzard</name>
         <load_address>0x77b4</load_address>
         <run_address>0x77b4</run_address>
         <size>0xc0</size>
         <input_file_ref idref="fl-1e"/>
      </object_component>
      <object_component id="oc-2a6">
         <name>.const:g_pui32Regs</name>
         <load_address>0x7874</load_address>
         <run_address>0x7874</run_address>
         <size>0x9c</size>
         <input_file_ref idref="fl-21"/>
      </object_component>
      <object_component id="oc-2d1">
         <name>.const:g_pui32GPIOBaseAddrs</name>
         <load_address>0x7910</load_address>
         <run_address>0x7910</run_address>
         <size>0x90</size>
         <input_file_ref idref="fl-1e"/>
      </object_component>
      <object_component id="oc-21b">
         <name>.const:g_pui32Xtals</name>
         <load_address>0x79a0</load_address>
         <run_address>0x79a0</run_address>
         <size>0x6c</size>
         <input_file_ref idref="fl-2a"/>
      </object_component>
      <object_component id="oc-20c">
         <name>.const:g_sXTALtoMEMTIM</name>
         <load_address>0x7a0c</load_address>
         <run_address>0x7a0c</run_address>
         <size>0x30</size>
         <input_file_ref idref="fl-2a"/>
      </object_component>
      <object_component id="oc-2a3">
         <name>.const:g_pui32Priority</name>
         <load_address>0x7a3c</load_address>
         <run_address>0x7a3c</run_address>
         <size>0x20</size>
         <input_file_ref idref="fl-21"/>
      </object_component>
      <object_component id="oc-14a">
         <name>.const:$P$T0$1</name>
         <load_address>0x7a5c</load_address>
         <run_address>0x7a5c</run_address>
         <size>0x14</size>
         <input_file_ref idref="fl-2"/>
      </object_component>
      <object_component id="oc-14d">
         <name>.const:$P$T1$2</name>
         <load_address>0x7a70</load_address>
         <run_address>0x7a70</run_address>
         <size>0x14</size>
         <input_file_ref idref="fl-2"/>
      </object_component>
      <object_component id="oc-150">
         <name>.const:$P$T2$3</name>
         <load_address>0x7a84</load_address>
         <run_address>0x7a84</run_address>
         <size>0x14</size>
         <input_file_ref idref="fl-2"/>
      </object_component>
      <object_component id="oc-153">
         <name>.const:$P$T3$4</name>
         <load_address>0x7a98</load_address>
         <run_address>0x7a98</run_address>
         <size>0x14</size>
         <input_file_ref idref="fl-2"/>
      </object_component>
      <object_component id="oc-156">
         <name>.const:$P$T4$5</name>
         <load_address>0x7aac</load_address>
         <run_address>0x7aac</run_address>
         <size>0x14</size>
         <input_file_ref idref="fl-2"/>
      </object_component>
      <object_component id="oc-159">
         <name>.const:$P$T5$6</name>
         <load_address>0x7ac0</load_address>
         <run_address>0x7ac0</run_address>
         <size>0x14</size>
         <input_file_ref idref="fl-2"/>
      </object_component>
      <object_component id="oc-2ac">
         <name>.const:g_pui32Dii16Regs</name>
         <load_address>0x7ad4</load_address>
         <run_address>0x7ad4</run_address>
         <size>0x14</size>
         <input_file_ref idref="fl-21"/>
      </object_component>
      <object_component id="oc-2a9">
         <name>.const:g_pui32EnRegs</name>
         <load_address>0x7ae8</load_address>
         <run_address>0x7ae8</run_address>
         <size>0x14</size>
         <input_file_ref idref="fl-21"/>
      </object_component>
      <object_component id="oc-2af">
         <name>.const:g_pui32PendRegs</name>
         <load_address>0x7afc</load_address>
         <run_address>0x7afc</run_address>
         <size>0x14</size>
         <input_file_ref idref="fl-21"/>
      </object_component>
      <object_component id="oc-2b2">
         <name>.const:g_pui32UnpendRegs</name>
         <load_address>0x7b10</load_address>
         <run_address>0x7b10</run_address>
         <size>0x14</size>
         <input_file_ref idref="fl-21"/>
      </object_component>
      <object_component id="oc-21e">
         <name>.const:g_pui32VCOFrequencies</name>
         <load_address>0x7b24</load_address>
         <run_address>0x7b24</run_address>
         <size>0x8</size>
         <input_file_ref idref="fl-2a"/>
      </object_component>
      <object_component id="oc-79">
         <name>.const</name>
         <load_address>0x7b2c</load_address>
         <run_address>0x7b2c</run_address>
         <size>0x8</size>
         <input_file_ref idref="fl-b"/>
      </object_component>
      <object_component id="oc-364">
         <name>.cinit..data.load</name>
         <load_address>0x7b38</load_address>
         <run_address>0x7b38</run_address>
         <size>0x21</size>
      </object_component>
      <object_component id="oc-361">
         <name>__TI_handler_table</name>
         <load_address>0x7b5c</load_address>
         <run_address>0x7b5c</run_address>
         <size>0xc</size>
      </object_component>
      <object_component id="oc-365">
         <name>.cinit..bss.load</name>
         <load_address>0x7b68</load_address>
         <run_address>0x7b68</run_address>
         <size>0x8</size>
      </object_component>
      <object_component id="oc-363">
         <name>.cinit..vtable.load</name>
         <load_address>0x7b70</load_address>
         <run_address>0x7b70</run_address>
         <size>0x8</size>
      </object_component>
      <object_component id="oc-362">
         <name>__TI_cinit_table</name>
         <load_address>0x7b78</load_address>
         <run_address>0x7b78</run_address>
         <size>0x18</size>
      </object_component>
      <object_component id="oc-2a0">
         <name>.vtable</name>
         <uninitialized>true</uninitialized>
         <run_address>0x20000000</run_address>
         <size>0x26c</size>
         <input_file_ref idref="fl-21"/>
      </object_component>
      <object_component id="oc-15c">
         <name>.data</name>
         <load_address>0x20002004</load_address>
         <run_address>0x20002004</run_address>
         <size>0xc</size>
         <input_file_ref idref="fl-2"/>
      </object_component>
      <object_component id="oc-76">
         <name>.data</name>
         <load_address>0x20001fc0</load_address>
         <run_address>0x20001fc0</run_address>
         <size>0x34</size>
         <input_file_ref idref="fl-9"/>
      </object_component>
      <object_component id="oc-1e0">
         <name>.data</name>
         <load_address>0x2000201c</load_address>
         <run_address>0x2000201c</run_address>
         <size>0xa</size>
         <input_file_ref idref="fl-a"/>
      </object_component>
      <object_component id="oc-83">
         <name>.data</name>
         <load_address>0x20002010</load_address>
         <run_address>0x20002010</run_address>
         <size>0xc</size>
         <input_file_ref idref="fl-b"/>
      </object_component>
      <object_component id="oc-1cb">
         <name>.data</name>
         <load_address>0x20001ff4</load_address>
         <run_address>0x20001ff4</run_address>
         <size>0x10</size>
         <input_file_ref idref="fl-d"/>
      </object_component>
      <object_component id="oc-24a">
         <name>.data</name>
         <load_address>0x20002030</load_address>
         <run_address>0x20002030</run_address>
         <size>0x4</size>
         <input_file_ref idref="fl-e"/>
      </object_component>
      <object_component id="oc-24e">
         <name>.data</name>
         <load_address>0x20002026</load_address>
         <run_address>0x20002026</run_address>
         <size>0x2</size>
         <input_file_ref idref="fl-f"/>
      </object_component>
      <object_component id="oc-25d">
         <name>.data</name>
         <load_address>0x20002028</load_address>
         <run_address>0x20002028</run_address>
         <size>0x8</size>
         <input_file_ref idref="fl-10"/>
      </object_component>
      <object_component id="oc-e7">
         <name>.bss:pxReadyTasksLists</name>
         <uninitialized>true</uninitialized>
         <run_address>0x20001bd0</run_address>
         <size>0x64</size>
         <input_file_ref idref="fl-9"/>
      </object_component>
      <object_component id="oc-102">
         <name>.bss:xDelayedTaskList1</name>
         <uninitialized>true</uninitialized>
         <run_address>0x20001d3c</run_address>
         <size>0x14</size>
         <input_file_ref idref="fl-9"/>
      </object_component>
      <object_component id="oc-105">
         <name>.bss:xDelayedTaskList2</name>
         <uninitialized>true</uninitialized>
         <run_address>0x20001d50</run_address>
         <size>0x14</size>
         <input_file_ref idref="fl-9"/>
      </object_component>
      <object_component id="oc-ed">
         <name>.bss</name>
         <uninitialized>true</uninitialized>
         <run_address>0x20001da0</run_address>
         <size>0x8</size>
         <input_file_ref idref="fl-9"/>
      </object_component>
      <object_component id="oc-f9">
         <name>.bss:xPendingReadyList</name>
         <uninitialized>true</uninitialized>
         <run_address>0x20001d64</run_address>
         <size>0x14</size>
         <input_file_ref idref="fl-9"/>
      </object_component>
      <object_component id="oc-ea">
         <name>.bss:xTasksWaitingTermination</name>
         <uninitialized>true</uninitialized>
         <run_address>0x20001d8c</run_address>
         <size>0x14</size>
         <input_file_ref idref="fl-9"/>
      </object_component>
      <object_component id="oc-f0">
         <name>.bss:xSuspendedTaskList</name>
         <uninitialized>true</uninitialized>
         <run_address>0x20001d78</run_address>
         <size>0x14</size>
         <input_file_ref idref="fl-9"/>
      </object_component>
      <object_component id="oc-1e6">
         <name>.bss:xActiveTimerList1</name>
         <uninitialized>true</uninitialized>
         <run_address>0x20001d14</run_address>
         <size>0x14</size>
         <input_file_ref idref="fl-a"/>
      </object_component>
      <object_component id="oc-1e9">
         <name>.bss:xActiveTimerList2</name>
         <uninitialized>true</uninitialized>
         <run_address>0x20001d28</run_address>
         <size>0x14</size>
         <input_file_ref idref="fl-a"/>
      </object_component>
      <object_component id="oc-1e3">
         <name>.bss</name>
         <uninitialized>true</uninitialized>
         <run_address>0x20001da8</run_address>
         <size>0x8</size>
         <input_file_ref idref="fl-a"/>
      </object_component>
      <object_component id="oc-1d1">
         <name>.bss:ucHeap</name>
         <uninitialized>true</uninitialized>
         <run_address>0x2000026c</run_address>
         <size>0x1964</size>
         <input_file_ref idref="fl-d"/>
      </object_component>
      <object_component id="oc-1ce">
         <name>.bss:xStart</name>
         <uninitialized>true</uninitialized>
         <run_address>0x20001db0</run_address>
         <size>0x8</size>
         <input_file_ref idref="fl-d"/>
      </object_component>
      <object_component id="oc-249">
         <name>.bss</name>
         <uninitialized>true</uninitialized>
         <run_address>0x20001dbc</run_address>
         <size>0x2</size>
         <input_file_ref idref="fl-e"/>
      </object_component>
      <object_component id="oc-251">
         <name>.bss:x_motor</name>
         <uninitialized>true</uninitialized>
         <run_address>0x20001c34</run_address>
         <size>0x50</size>
         <input_file_ref idref="fl-10"/>
      </object_component>
      <object_component id="oc-25a">
         <name>.bss:y_motor</name>
         <uninitialized>true</uninitialized>
         <run_address>0x20001c84</run_address>
         <size>0x50</size>
         <input_file_ref idref="fl-10"/>
      </object_component>
      <object_component id="oc-24b">
         <name>.common:printer_state</name>
         <uninitialized>true</uninitialized>
         <run_address>0x20001dbe</run_address>
         <size>0x1</size>
      </object_component>
      <object_component id="oc-149">
         <name>.common:motor_instruction_queue</name>
         <uninitialized>true</uninitialized>
         <run_address>0x20001db8</run_address>
         <size>0x4</size>
      </object_component>
      <object_component id="oc-22c">
         <name>.common:xQueueRegistry</name>
         <uninitialized>true</uninitialized>
         <run_address>0x20001cd4</run_address>
         <size>0x40</size>
      </object_component>
      <object_component id="oc-21">
         <name>.stack</name>
         <uninitialized>true</uninitialized>
         <run_address>0x20001dc0</run_address>
         <size>0x4</size>
         <input_file_ref idref="fl-f6"/>
      </object_component>
      <object_component id="oc-366">
         <name>.stack</name>
         <uninitialized>true</uninitialized>
         <run_address>0x20001dc0</run_address>
         <size>0x0</size>
      </object_component>
      <object_component id="oc-121">
         <name>.debug_info</name>
         <load_address>0x0</load_address>
         <run_address>0x0</run_address>
         <size>0x5b6</size>
         <input_file_ref idref="fl-2"/>
      </object_component>
      <object_component id="oc-15d">
         <name>.debug_info</name>
         <load_address>0x5b6</load_address>
         <run_address>0x5b6</run_address>
         <size>0x115</size>
         <input_file_ref idref="fl-2"/>
      </object_component>
      <object_component id="oc-14b">
         <name>.debug_info</name>
         <load_address>0x6cb</load_address>
         <run_address>0x6cb</run_address>
         <size>0xc2</size>
         <input_file_ref idref="fl-2"/>
      </object_component>
      <object_component id="oc-14e">
         <name>.debug_info</name>
         <load_address>0x78d</load_address>
         <run_address>0x78d</run_address>
         <size>0xc2</size>
         <input_file_ref idref="fl-2"/>
      </object_component>
      <object_component id="oc-151">
         <name>.debug_info</name>
         <load_address>0x84f</load_address>
         <run_address>0x84f</run_address>
         <size>0xc2</size>
         <input_file_ref idref="fl-2"/>
      </object_component>
      <object_component id="oc-154">
         <name>.debug_info</name>
         <load_address>0x911</load_address>
         <run_address>0x911</run_address>
         <size>0xc2</size>
         <input_file_ref idref="fl-2"/>
      </object_component>
      <object_component id="oc-157">
         <name>.debug_info</name>
         <load_address>0x9d3</load_address>
         <run_address>0x9d3</run_address>
         <size>0xc2</size>
         <input_file_ref idref="fl-2"/>
      </object_component>
      <object_component id="oc-15a">
         <name>.debug_info</name>
         <load_address>0xa95</load_address>
         <run_address>0xa95</run_address>
         <size>0xc2</size>
         <input_file_ref idref="fl-2"/>
      </object_component>
      <object_component id="oc-c0">
         <name>.debug_info</name>
         <load_address>0xb57</load_address>
         <run_address>0xb57</run_address>
         <size>0x668</size>
         <input_file_ref idref="fl-2"/>
      </object_component>
      <object_component id="oc-172">
         <name>.debug_info</name>
         <load_address>0x11bf</load_address>
         <run_address>0x11bf</run_address>
         <size>0x270</size>
         <input_file_ref idref="fl-2"/>
      </object_component>
      <object_component id="oc-112">
         <name>.debug_info</name>
         <load_address>0x142f</load_address>
         <run_address>0x142f</run_address>
         <size>0x315</size>
         <input_file_ref idref="fl-2"/>
      </object_component>
      <object_component id="oc-202">
         <name>.debug_info</name>
         <load_address>0x1744</load_address>
         <run_address>0x1744</run_address>
         <size>0x5a</size>
         <input_file_ref idref="fl-2"/>
      </object_component>
      <object_component id="oc-99">
         <name>.debug_info</name>
         <load_address>0x179e</load_address>
         <run_address>0x179e</run_address>
         <size>0x26b</size>
         <input_file_ref idref="fl-2"/>
      </object_component>
      <object_component id="oc-11c">
         <name>.debug_info</name>
         <load_address>0x1a09</load_address>
         <run_address>0x1a09</run_address>
         <size>0x3e3</size>
         <input_file_ref idref="fl-2"/>
      </object_component>
      <object_component id="oc-207">
         <name>.debug_info</name>
         <load_address>0x1dec</load_address>
         <run_address>0x1dec</run_address>
         <size>0x4f</size>
         <input_file_ref idref="fl-2"/>
      </object_component>
      <object_component id="oc-123">
         <name>.debug_info</name>
         <load_address>0x1e3b</load_address>
         <run_address>0x1e3b</run_address>
         <size>0x8b</size>
         <input_file_ref idref="fl-2"/>
      </object_component>
      <object_component id="oc-88">
         <name>.debug_info</name>
         <load_address>0x1ec6</load_address>
         <run_address>0x1ec6</run_address>
         <size>0x2c</size>
         <input_file_ref idref="fl-2"/>
      </object_component>
      <object_component id="oc-128">
         <name>.debug_info</name>
         <load_address>0x1ef2</load_address>
         <run_address>0x1ef2</run_address>
         <size>0x297</size>
         <input_file_ref idref="fl-2"/>
      </object_component>
      <object_component id="oc-226">
         <name>.debug_info</name>
         <load_address>0x2189</load_address>
         <run_address>0x2189</run_address>
         <size>0xef</size>
         <input_file_ref idref="fl-2"/>
      </object_component>
      <object_component id="oc-92">
         <name>.debug_info</name>
         <load_address>0x2278</load_address>
         <run_address>0x2278</run_address>
         <size>0xbb</size>
         <input_file_ref idref="fl-2"/>
      </object_component>
      <object_component id="oc-8d">
         <name>.debug_info</name>
         <load_address>0x2333</load_address>
         <run_address>0x2333</run_address>
         <size>0x53</size>
         <input_file_ref idref="fl-2"/>
      </object_component>
      <object_component id="oc-10d">
         <name>.debug_info</name>
         <load_address>0x2386</load_address>
         <run_address>0x2386</run_address>
         <size>0x53</size>
         <input_file_ref idref="fl-2"/>
      </object_component>
      <object_component id="oc-117">
         <name>.debug_info</name>
         <load_address>0x23d9</load_address>
         <run_address>0x23d9</run_address>
         <size>0x14c</size>
         <input_file_ref idref="fl-2"/>
      </object_component>
      <object_component id="oc-37">
         <name>.debug_info</name>
         <load_address>0x2525</load_address>
         <run_address>0x2525</run_address>
         <size>0x322</size>
         <input_file_ref idref="fl-3"/>
      </object_component>
      <object_component id="oc-10">
         <name>.debug_info</name>
         <load_address>0x2847</load_address>
         <run_address>0x2847</run_address>
         <size>0xe1</size>
         <input_file_ref idref="fl-3"/>
      </object_component>
      <object_component id="oc-25">
         <name>.debug_info</name>
         <load_address>0x2928</load_address>
         <run_address>0x2928</run_address>
         <size>0x25d</size>
         <input_file_ref idref="fl-3"/>
      </object_component>
      <object_component id="oc-3e">
         <name>.debug_info</name>
         <load_address>0x2b85</load_address>
         <run_address>0x2b85</run_address>
         <size>0x84</size>
         <input_file_ref idref="fl-3"/>
      </object_component>
      <object_component id="oc-282">
         <name>.debug_info</name>
         <load_address>0x2c09</load_address>
         <run_address>0x2c09</run_address>
         <size>0x665</size>
         <input_file_ref idref="fl-5"/>
      </object_component>
      <object_component id="oc-1bc">
         <name>.debug_info</name>
         <load_address>0x326e</load_address>
         <run_address>0x326e</run_address>
         <size>0x110</size>
         <input_file_ref idref="fl-5"/>
      </object_component>
      <object_component id="oc-1c6">
         <name>.debug_info</name>
         <load_address>0x337e</load_address>
         <run_address>0x337e</run_address>
         <size>0x3e3</size>
         <input_file_ref idref="fl-5"/>
      </object_component>
      <object_component id="oc-307">
         <name>.debug_info</name>
         <load_address>0x3761</load_address>
         <run_address>0x3761</run_address>
         <size>0x62</size>
         <input_file_ref idref="fl-5"/>
      </object_component>
      <object_component id="oc-30c">
         <name>.debug_info</name>
         <load_address>0x37c3</load_address>
         <run_address>0x37c3</run_address>
         <size>0x39</size>
         <input_file_ref idref="fl-5"/>
      </object_component>
      <object_component id="oc-1b7">
         <name>.debug_info</name>
         <load_address>0x37fc</load_address>
         <run_address>0x37fc</run_address>
         <size>0x4f</size>
         <input_file_ref idref="fl-5"/>
      </object_component>
      <object_component id="oc-1d7">
         <name>.debug_info</name>
         <load_address>0x384b</load_address>
         <run_address>0x384b</run_address>
         <size>0x35e</size>
         <input_file_ref idref="fl-6"/>
      </object_component>
      <object_component id="oc-e2">
         <name>.debug_info</name>
         <load_address>0x3ba9</load_address>
         <run_address>0x3ba9</run_address>
         <size>0x4ea</size>
         <input_file_ref idref="fl-6"/>
      </object_component>
      <object_component id="oc-22d">
         <name>.debug_info</name>
         <load_address>0x4093</load_address>
         <run_address>0x4093</run_address>
         <size>0x904</size>
         <input_file_ref idref="fl-7"/>
      </object_component>
      <object_component id="oc-144">
         <name>.debug_info</name>
         <load_address>0x4997</load_address>
         <run_address>0x4997</run_address>
         <size>0x38e7</size>
         <input_file_ref idref="fl-7"/>
      </object_component>
      <object_component id="oc-2c6">
         <name>.debug_info</name>
         <load_address>0x827e</load_address>
         <run_address>0x827e</run_address>
         <size>0x217</size>
         <input_file_ref idref="fl-7"/>
      </object_component>
      <object_component id="oc-230">
         <name>.debug_info</name>
         <load_address>0x8495</load_address>
         <run_address>0x8495</run_address>
         <size>0x46</size>
         <input_file_ref idref="fl-7"/>
      </object_component>
      <object_component id="oc-134">
         <name>.debug_info</name>
         <load_address>0x84db</load_address>
         <run_address>0x84db</run_address>
         <size>0x2c</size>
         <input_file_ref idref="fl-8"/>
      </object_component>
      <object_component id="oc-d3">
         <name>.debug_info</name>
         <load_address>0x8507</load_address>
         <run_address>0x8507</run_address>
         <size>0x80e</size>
         <input_file_ref idref="fl-9"/>
      </object_component>
      <object_component id="oc-77">
         <name>.debug_info</name>
         <load_address>0x8d15</load_address>
         <run_address>0x8d15</run_address>
         <size>0x341</size>
         <input_file_ref idref="fl-9"/>
      </object_component>
      <object_component id="oc-e8">
         <name>.debug_info</name>
         <load_address>0x9056</load_address>
         <run_address>0x9056</run_address>
         <size>0xe8</size>
         <input_file_ref idref="fl-9"/>
      </object_component>
      <object_component id="oc-103">
         <name>.debug_info</name>
         <load_address>0x913e</load_address>
         <run_address>0x913e</run_address>
         <size>0xe8</size>
         <input_file_ref idref="fl-9"/>
      </object_component>
      <object_component id="oc-106">
         <name>.debug_info</name>
         <load_address>0x9226</load_address>
         <run_address>0x9226</run_address>
         <size>0xe8</size>
         <input_file_ref idref="fl-9"/>
      </object_component>
      <object_component id="oc-ee">
         <name>.debug_info</name>
         <load_address>0x930e</load_address>
         <run_address>0x930e</run_address>
         <size>0x12b</size>
         <input_file_ref idref="fl-9"/>
      </object_component>
      <object_component id="oc-fa">
         <name>.debug_info</name>
         <load_address>0x9439</load_address>
         <run_address>0x9439</run_address>
         <size>0xe8</size>
         <input_file_ref idref="fl-9"/>
      </object_component>
      <object_component id="oc-eb">
         <name>.debug_info</name>
         <load_address>0x9521</load_address>
         <run_address>0x9521</run_address>
         <size>0xf6</size>
         <input_file_ref idref="fl-9"/>
      </object_component>
      <object_component id="oc-f1">
         <name>.debug_info</name>
         <load_address>0x9617</load_address>
         <run_address>0x9617</run_address>
         <size>0xea</size>
         <input_file_ref idref="fl-9"/>
      </object_component>
      <object_component id="oc-7d">
         <name>.debug_info</name>
         <load_address>0x9701</load_address>
         <run_address>0x9701</run_address>
         <size>0x492e</size>
         <input_file_ref idref="fl-9"/>
      </object_component>
      <object_component id="oc-d4">
         <name>.debug_info</name>
         <load_address>0xe02f</load_address>
         <run_address>0xe02f</run_address>
         <size>0x30c</size>
         <input_file_ref idref="fl-9"/>
      </object_component>
      <object_component id="oc-1c1">
         <name>.debug_info</name>
         <load_address>0xe33b</load_address>
         <run_address>0xe33b</run_address>
         <size>0x11a</size>
         <input_file_ref idref="fl-9"/>
      </object_component>
      <object_component id="oc-1f2">
         <name>.debug_info</name>
         <load_address>0xe455</load_address>
         <run_address>0xe455</run_address>
         <size>0x84d</size>
         <input_file_ref idref="fl-a"/>
      </object_component>
      <object_component id="oc-1e7">
         <name>.debug_info</name>
         <load_address>0xeca2</load_address>
         <run_address>0xeca2</run_address>
         <size>0xe8</size>
         <input_file_ref idref="fl-a"/>
      </object_component>
      <object_component id="oc-1ea">
         <name>.debug_info</name>
         <load_address>0xed8a</load_address>
         <run_address>0xed8a</run_address>
         <size>0xe8</size>
         <input_file_ref idref="fl-a"/>
      </object_component>
      <object_component id="oc-1e4">
         <name>.debug_info</name>
         <load_address>0xee72</load_address>
         <run_address>0xee72</run_address>
         <size>0x120</size>
         <input_file_ref idref="fl-a"/>
      </object_component>
      <object_component id="oc-1e1">
         <name>.debug_info</name>
         <load_address>0xef92</load_address>
         <run_address>0xef92</run_address>
         <size>0x10c</size>
         <input_file_ref idref="fl-a"/>
      </object_component>
      <object_component id="oc-f4">
         <name>.debug_info</name>
         <load_address>0xf09e</load_address>
         <run_address>0xf09e</run_address>
         <size>0x2183</size>
         <input_file_ref idref="fl-a"/>
      </object_component>
      <object_component id="oc-1f3">
         <name>.debug_info</name>
         <load_address>0x11221</load_address>
         <run_address>0x11221</run_address>
         <size>0x1ce</size>
         <input_file_ref idref="fl-a"/>
      </object_component>
      <object_component id="oc-1ed">
         <name>.debug_info</name>
         <load_address>0x113ef</load_address>
         <run_address>0x113ef</run_address>
         <size>0x46</size>
         <input_file_ref idref="fl-a"/>
      </object_component>
      <object_component id="oc-87">
         <name>.debug_info</name>
         <load_address>0x11435</load_address>
         <run_address>0x11435</run_address>
         <size>0x44a</size>
         <input_file_ref idref="fl-b"/>
      </object_component>
      <object_component id="oc-7a">
         <name>.debug_info</name>
         <load_address>0x1187f</load_address>
         <run_address>0x1187f</run_address>
         <size>0x15d</size>
         <input_file_ref idref="fl-b"/>
      </object_component>
      <object_component id="oc-84">
         <name>.debug_info</name>
         <load_address>0x119dc</load_address>
         <run_address>0x119dc</run_address>
         <size>0x168</size>
         <input_file_ref idref="fl-b"/>
      </object_component>
      <object_component id="oc-30">
         <name>.debug_info</name>
         <load_address>0x11b44</load_address>
         <run_address>0x11b44</run_address>
         <size>0x8f4</size>
         <input_file_ref idref="fl-b"/>
      </object_component>
      <object_component id="oc-2b">
         <name>.debug_info</name>
         <load_address>0x12438</load_address>
         <run_address>0x12438</run_address>
         <size>0x24a</size>
         <input_file_ref idref="fl-c"/>
      </object_component>
      <object_component id="oc-1d5">
         <name>.debug_info</name>
         <load_address>0x12682</load_address>
         <run_address>0x12682</run_address>
         <size>0x448</size>
         <input_file_ref idref="fl-d"/>
      </object_component>
      <object_component id="oc-1d2">
         <name>.debug_info</name>
         <load_address>0x12aca</load_address>
         <run_address>0x12aca</run_address>
         <size>0xe3</size>
         <input_file_ref idref="fl-d"/>
      </object_component>
      <object_component id="oc-1cf">
         <name>.debug_info</name>
         <load_address>0x12bad</load_address>
         <run_address>0x12bad</run_address>
         <size>0xe3</size>
         <input_file_ref idref="fl-d"/>
      </object_component>
      <object_component id="oc-1cc">
         <name>.debug_info</name>
         <load_address>0x12c90</load_address>
         <run_address>0x12c90</run_address>
         <size>0x197</size>
         <input_file_ref idref="fl-d"/>
      </object_component>
      <object_component id="oc-dc">
         <name>.debug_info</name>
         <load_address>0x12e27</load_address>
         <run_address>0x12e27</run_address>
         <size>0x81b</size>
         <input_file_ref idref="fl-d"/>
      </object_component>
      <object_component id="oc-287">
         <name>.debug_info</name>
         <load_address>0x13642</load_address>
         <run_address>0x13642</run_address>
         <size>0x62</size>
         <input_file_ref idref="fl-d"/>
      </object_component>
      <object_component id="oc-24d">
         <name>.debug_info</name>
         <load_address>0x136a4</load_address>
         <run_address>0x136a4</run_address>
         <size>0x45d</size>
         <input_file_ref idref="fl-e"/>
      </object_component>
      <object_component id="oc-160">
         <name>.debug_info</name>
         <load_address>0x13b01</load_address>
         <run_address>0x13b01</run_address>
         <size>0x2ad</size>
         <input_file_ref idref="fl-e"/>
      </object_component>
      <object_component id="oc-250">
         <name>.debug_info</name>
         <load_address>0x13dae</load_address>
         <run_address>0x13dae</run_address>
         <size>0x42e</size>
         <input_file_ref idref="fl-f"/>
      </object_component>
      <object_component id="oc-166">
         <name>.debug_info</name>
         <load_address>0x141dc</load_address>
         <run_address>0x141dc</run_address>
         <size>0x263</size>
         <input_file_ref idref="fl-f"/>
      </object_component>
      <object_component id="oc-261">
         <name>.debug_info</name>
         <load_address>0x1443f</load_address>
         <run_address>0x1443f</run_address>
         <size>0x787</size>
         <input_file_ref idref="fl-10"/>
      </object_component>
      <object_component id="oc-252">
         <name>.debug_info</name>
         <load_address>0x14bc6</load_address>
         <run_address>0x14bc6</run_address>
         <size>0xcf</size>
         <input_file_ref idref="fl-10"/>
      </object_component>
      <object_component id="oc-25b">
         <name>.debug_info</name>
         <load_address>0x14c95</load_address>
         <run_address>0x14c95</run_address>
         <size>0xcf</size>
         <input_file_ref idref="fl-10"/>
      </object_component>
      <object_component id="oc-25e">
         <name>.debug_info</name>
         <load_address>0x14d64</load_address>
         <run_address>0x14d64</run_address>
         <size>0xfd</size>
         <input_file_ref idref="fl-10"/>
      </object_component>
      <object_component id="oc-16c">
         <name>.debug_info</name>
         <load_address>0x14e61</load_address>
         <run_address>0x14e61</run_address>
         <size>0x14c1</size>
         <input_file_ref idref="fl-10"/>
      </object_component>
      <object_component id="oc-216">
         <name>.debug_info</name>
         <load_address>0x16322</load_address>
         <run_address>0x16322</run_address>
         <size>0x49a</size>
         <input_file_ref idref="fl-15"/>
      </object_component>
      <object_component id="oc-2d5">
         <name>.debug_info</name>
         <load_address>0x167bc</load_address>
         <run_address>0x167bc</run_address>
         <size>0x36e</size>
         <input_file_ref idref="fl-1e"/>
      </object_component>
      <object_component id="oc-2cc">
         <name>.debug_info</name>
         <load_address>0x16b2a</load_address>
         <run_address>0x16b2a</run_address>
         <size>0x10e</size>
         <input_file_ref idref="fl-1e"/>
      </object_component>
      <object_component id="oc-2cf">
         <name>.debug_info</name>
         <load_address>0x16c38</load_address>
         <run_address>0x16c38</run_address>
         <size>0x110</size>
         <input_file_ref idref="fl-1e"/>
      </object_component>
      <object_component id="oc-2d2">
         <name>.debug_info</name>
         <load_address>0x16d48</load_address>
         <run_address>0x16d48</run_address>
         <size>0x102</size>
         <input_file_ref idref="fl-1e"/>
      </object_component>
      <object_component id="oc-244">
         <name>.debug_info</name>
         <load_address>0x16e4a</load_address>
         <run_address>0x16e4a</run_address>
         <size>0x3be9</size>
         <input_file_ref idref="fl-1e"/>
      </object_component>
      <object_component id="oc-2b6">
         <name>.debug_info</name>
         <load_address>0x1aa33</load_address>
         <run_address>0x1aa33</run_address>
         <size>0x34b</size>
         <input_file_ref idref="fl-21"/>
      </object_component>
      <object_component id="oc-2a4">
         <name>.debug_info</name>
         <load_address>0x1ad7e</load_address>
         <run_address>0x1ad7e</run_address>
         <size>0xfd</size>
         <input_file_ref idref="fl-21"/>
      </object_component>
      <object_component id="oc-2a7">
         <name>.debug_info</name>
         <load_address>0x1ae7b</load_address>
         <run_address>0x1ae7b</run_address>
         <size>0xf5</size>
         <input_file_ref idref="fl-21"/>
      </object_component>
      <object_component id="oc-2aa">
         <name>.debug_info</name>
         <load_address>0x1af70</load_address>
         <run_address>0x1af70</run_address>
         <size>0xf9</size>
         <input_file_ref idref="fl-21"/>
      </object_component>
      <object_component id="oc-2ad">
         <name>.debug_info</name>
         <load_address>0x1b069</load_address>
         <run_address>0x1b069</run_address>
         <size>0xff</size>
         <input_file_ref idref="fl-21"/>
      </object_component>
      <object_component id="oc-2b0">
         <name>.debug_info</name>
         <load_address>0x1b168</load_address>
         <run_address>0x1b168</run_address>
         <size>0xfd</size>
         <input_file_ref idref="fl-21"/>
      </object_component>
      <object_component id="oc-2b3">
         <name>.debug_info</name>
         <load_address>0x1b265</load_address>
         <run_address>0x1b265</run_address>
         <size>0x101</size>
         <input_file_ref idref="fl-21"/>
      </object_component>
      <object_component id="oc-2a1">
         <name>.debug_info</name>
         <load_address>0x1b366</load_address>
         <run_address>0x1b366</run_address>
         <size>0xfe</size>
         <input_file_ref idref="fl-21"/>
      </object_component>
      <object_component id="oc-210">
         <name>.debug_info</name>
         <load_address>0x1b464</load_address>
         <run_address>0x1b464</run_address>
         <size>0x10b6</size>
         <input_file_ref idref="fl-21"/>
      </object_component>
      <object_component id="oc-2dd">
         <name>.debug_info</name>
         <load_address>0x1c51a</load_address>
         <run_address>0x1c51a</run_address>
         <size>0x320</size>
         <input_file_ref idref="fl-25"/>
      </object_component>
      <object_component id="oc-255">
         <name>.debug_info</name>
         <load_address>0x1c83a</load_address>
         <run_address>0x1c83a</run_address>
         <size>0x2fdf</size>
         <input_file_ref idref="fl-25"/>
      </object_component>
      <object_component id="oc-22b">
         <name>.debug_info</name>
         <load_address>0x1f819</load_address>
         <run_address>0x1f819</run_address>
         <size>0x3d0</size>
         <input_file_ref idref="fl-2a"/>
      </object_component>
      <object_component id="oc-21c">
         <name>.debug_info</name>
         <load_address>0x1fbe9</load_address>
         <run_address>0x1fbe9</run_address>
         <size>0xf4</size>
         <input_file_ref idref="fl-2a"/>
      </object_component>
      <object_component id="oc-222">
         <name>.debug_info</name>
         <load_address>0x1fcdd</load_address>
         <run_address>0x1fcdd</run_address>
         <size>0x100</size>
         <input_file_ref idref="fl-2a"/>
      </object_component>
      <object_component id="oc-20d">
         <name>.debug_info</name>
         <load_address>0x1fddd</load_address>
         <run_address>0x1fddd</run_address>
         <size>0xfa</size>
         <input_file_ref idref="fl-2a"/>
      </object_component>
      <object_component id="oc-21f">
         <name>.debug_info</name>
         <load_address>0x1fed7</load_address>
         <run_address>0x1fed7</run_address>
         <size>0x107</size>
         <input_file_ref idref="fl-2a"/>
      </object_component>
      <object_component id="oc-13e">
         <name>.debug_info</name>
         <load_address>0x1ffde</load_address>
         <run_address>0x1ffde</run_address>
         <size>0x37bc</size>
         <input_file_ref idref="fl-2a"/>
      </object_component>
      <object_component id="oc-2c0">
         <name>.debug_info</name>
         <load_address>0x2379a</load_address>
         <run_address>0x2379a</run_address>
         <size>0x51</size>
         <input_file_ref idref="fl-2a"/>
      </object_component>
      <object_component id="oc-b5">
         <name>.debug_info</name>
         <load_address>0x237eb</load_address>
         <run_address>0x237eb</run_address>
         <size>0x148</size>
         <input_file_ref idref="fl-f0"/>
      </object_component>
      <object_component id="oc-46">
         <name>.debug_info</name>
         <load_address>0x23933</load_address>
         <run_address>0x23933</run_address>
         <size>0x11a</size>
         <input_file_ref idref="fl-f1"/>
      </object_component>
      <object_component id="oc-b2">
         <name>.debug_info</name>
         <load_address>0x23a4d</load_address>
         <run_address>0x23a4d</run_address>
         <size>0x2d5</size>
         <input_file_ref idref="fl-f2"/>
      </object_component>
      <object_component id="oc-56">
         <name>.debug_info</name>
         <load_address>0x23d22</load_address>
         <run_address>0x23d22</run_address>
         <size>0x1b6</size>
         <input_file_ref idref="fl-f2"/>
      </object_component>
      <object_component id="oc-ad">
         <name>.debug_info</name>
         <load_address>0x23ed8</load_address>
         <run_address>0x23ed8</run_address>
         <size>0x46</size>
         <input_file_ref idref="fl-f2"/>
      </object_component>
      <object_component id="oc-4e">
         <name>.debug_info</name>
         <load_address>0x23f1e</load_address>
         <run_address>0x23f1e</run_address>
         <size>0x2a9</size>
         <input_file_ref idref="fl-f3"/>
      </object_component>
      <object_component id="oc-19">
         <name>.debug_info</name>
         <load_address>0x241c7</load_address>
         <run_address>0x241c7</run_address>
         <size>0x1eb</size>
         <input_file_ref idref="fl-f3"/>
      </object_component>
      <object_component id="oc-49">
         <name>.debug_info</name>
         <load_address>0x243b2</load_address>
         <run_address>0x243b2</run_address>
         <size>0x46</size>
         <input_file_ref idref="fl-f3"/>
      </object_component>
      <object_component id="oc-a5">
         <name>.debug_info</name>
         <load_address>0x243f8</load_address>
         <run_address>0x243f8</run_address>
         <size>0x2c</size>
         <input_file_ref idref="fl-f3"/>
      </object_component>
      <object_component id="oc-a3">
         <name>.debug_info</name>
         <load_address>0x24424</load_address>
         <run_address>0x24424</run_address>
         <size>0x29f</size>
         <input_file_ref idref="fl-f4"/>
      </object_component>
      <object_component id="oc-13">
         <name>.debug_info</name>
         <load_address>0x246c3</load_address>
         <run_address>0x246c3</run_address>
         <size>0x251</size>
         <input_file_ref idref="fl-f4"/>
      </object_component>
      <object_component id="oc-39">
         <name>.debug_info</name>
         <load_address>0x24914</load_address>
         <run_address>0x24914</run_address>
         <size>0x60</size>
         <input_file_ref idref="fl-f4"/>
      </object_component>
      <object_component id="oc-12d">
         <name>.debug_info</name>
         <load_address>0x24974</load_address>
         <run_address>0x24974</run_address>
         <size>0x46</size>
         <input_file_ref idref="fl-f4"/>
      </object_component>
      <object_component id="oc-9e">
         <name>.debug_info</name>
         <load_address>0x249ba</load_address>
         <run_address>0x249ba</run_address>
         <size>0x39</size>
         <input_file_ref idref="fl-f4"/>
      </object_component>
      <object_component id="oc-1fb">
         <name>.debug_info</name>
         <load_address>0x249f3</load_address>
         <run_address>0x249f3</run_address>
         <size>0x290</size>
         <input_file_ref idref="fl-f5"/>
      </object_component>
      <object_component id="oc-fd">
         <name>.debug_info</name>
         <load_address>0x24c83</load_address>
         <run_address>0x24c83</run_address>
         <size>0x246</size>
         <input_file_ref idref="fl-f5"/>
      </object_component>
      <object_component id="oc-22">
         <name>.debug_info</name>
         <load_address>0x24ec9</load_address>
         <run_address>0x24ec9</run_address>
         <size>0x10c</size>
         <input_file_ref idref="fl-f6"/>
      </object_component>
      <object_component id="oc-62">
         <name>.debug_info</name>
         <load_address>0x24fd5</load_address>
         <run_address>0x24fd5</run_address>
         <size>0x1aa</size>
         <input_file_ref idref="fl-f6"/>
      </object_component>
      <object_component id="oc-26d">
         <name>.debug_info</name>
         <load_address>0x2517f</load_address>
         <run_address>0x2517f</run_address>
         <size>0x4b4</size>
         <input_file_ref idref="fl-f7"/>
      </object_component>
      <object_component id="oc-184">
         <name>.debug_info</name>
         <load_address>0x25633</load_address>
         <run_address>0x25633</run_address>
         <size>0x1a7</size>
         <input_file_ref idref="fl-f7"/>
      </object_component>
      <object_component id="oc-2f4">
         <name>.debug_info</name>
         <load_address>0x257da</load_address>
         <run_address>0x257da</run_address>
         <size>0x39</size>
         <input_file_ref idref="fl-f7"/>
      </object_component>
      <object_component id="oc-32e">
         <name>.debug_info</name>
         <load_address>0x25813</load_address>
         <run_address>0x25813</run_address>
         <size>0x39</size>
         <input_file_ref idref="fl-f7"/>
      </object_component>
      <object_component id="oc-2f9">
         <name>.debug_info</name>
         <load_address>0x2584c</load_address>
         <run_address>0x2584c</run_address>
         <size>0x39</size>
         <input_file_ref idref="fl-f7"/>
      </object_component>
      <object_component id="oc-2fe">
         <name>.debug_info</name>
         <load_address>0x25885</load_address>
         <run_address>0x25885</run_address>
         <size>0xcd</size>
         <input_file_ref idref="fl-f7"/>
      </object_component>
      <object_component id="oc-ba">
         <name>.debug_info</name>
         <load_address>0x25952</load_address>
         <run_address>0x25952</run_address>
         <size>0x154</size>
         <input_file_ref idref="fl-f8"/>
      </object_component>
      <object_component id="oc-178">
         <name>.debug_info</name>
         <load_address>0x25aa6</load_address>
         <run_address>0x25aa6</run_address>
         <size>0x123</size>
         <input_file_ref idref="fl-fa"/>
      </object_component>
      <object_component id="oc-367">
         <name>.debug_info</name>
         <load_address>0x25bc9</load_address>
         <run_address>0x25bc9</run_address>
         <size>0x94</size>
      </object_component>
      <object_component id="oc-201">
         <name>.debug_line</name>
         <load_address>0x0</load_address>
         <run_address>0x0</run_address>
         <size>0x19a</size>
         <input_file_ref idref="fl-2"/>
      </object_component>
      <object_component id="oc-242">
         <name>.debug_line</name>
         <load_address>0x19a</load_address>
         <run_address>0x19a</run_address>
         <size>0x2d</size>
         <input_file_ref idref="fl-2"/>
      </object_component>
      <object_component id="oc-236">
         <name>.debug_line</name>
         <load_address>0x1c7</load_address>
         <run_address>0x1c7</run_address>
         <size>0x2d</size>
         <input_file_ref idref="fl-2"/>
      </object_component>
      <object_component id="oc-238">
         <name>.debug_line</name>
         <load_address>0x1f4</load_address>
         <run_address>0x1f4</run_address>
         <size>0x2d</size>
         <input_file_ref idref="fl-2"/>
      </object_component>
      <object_component id="oc-23a">
         <name>.debug_line</name>
         <load_address>0x221</load_address>
         <run_address>0x221</run_address>
         <size>0x2d</size>
         <input_file_ref idref="fl-2"/>
      </object_component>
      <object_component id="oc-23c">
         <name>.debug_line</name>
         <load_address>0x24e</load_address>
         <run_address>0x24e</run_address>
         <size>0x2d</size>
         <input_file_ref idref="fl-2"/>
      </object_component>
      <object_component id="oc-23e">
         <name>.debug_line</name>
         <load_address>0x27b</load_address>
         <run_address>0x27b</run_address>
         <size>0x2d</size>
         <input_file_ref idref="fl-2"/>
      </object_component>
      <object_component id="oc-240">
         <name>.debug_line</name>
         <load_address>0x2a8</load_address>
         <run_address>0x2a8</run_address>
         <size>0x2d</size>
         <input_file_ref idref="fl-2"/>
      </object_component>
      <object_component id="oc-c3">
         <name>.debug_line</name>
         <load_address>0x2d5</load_address>
         <run_address>0x2d5</run_address>
         <size>0xf2</size>
         <input_file_ref idref="fl-2"/>
      </object_component>
      <object_component id="oc-175">
         <name>.debug_line</name>
         <load_address>0x3c7</load_address>
         <run_address>0x3c7</run_address>
         <size>0x58</size>
         <input_file_ref idref="fl-2"/>
      </object_component>
      <object_component id="oc-115">
         <name>.debug_line</name>
         <load_address>0x41f</load_address>
         <run_address>0x41f</run_address>
         <size>0x5f</size>
         <input_file_ref idref="fl-2"/>
      </object_component>
      <object_component id="oc-205">
         <name>.debug_line</name>
         <load_address>0x47e</load_address>
         <run_address>0x47e</run_address>
         <size>0x4e</size>
         <input_file_ref idref="fl-2"/>
      </object_component>
      <object_component id="oc-9c">
         <name>.debug_line</name>
         <load_address>0x4cc</load_address>
         <run_address>0x4cc</run_address>
         <size>0x77</size>
         <input_file_ref idref="fl-2"/>
      </object_component>
      <object_component id="oc-11f">
         <name>.debug_line</name>
         <load_address>0x543</load_address>
         <run_address>0x543</run_address>
         <size>0x63</size>
         <input_file_ref idref="fl-2"/>
      </object_component>
      <object_component id="oc-20a">
         <name>.debug_line</name>
         <load_address>0x5a6</load_address>
         <run_address>0x5a6</run_address>
         <size>0x60</size>
         <input_file_ref idref="fl-2"/>
      </object_component>
      <object_component id="oc-126">
         <name>.debug_line</name>
         <load_address>0x606</load_address>
         <run_address>0x606</run_address>
         <size>0x20</size>
         <input_file_ref idref="fl-2"/>
      </object_component>
      <object_component id="oc-8b">
         <name>.debug_line</name>
         <load_address>0x626</load_address>
         <run_address>0x626</run_address>
         <size>0x63</size>
         <input_file_ref idref="fl-2"/>
      </object_component>
      <object_component id="oc-12b">
         <name>.debug_line</name>
         <load_address>0x689</load_address>
         <run_address>0x689</run_address>
         <size>0x7b</size>
         <input_file_ref idref="fl-2"/>
      </object_component>
      <object_component id="oc-229">
         <name>.debug_line</name>
         <load_address>0x704</load_address>
         <run_address>0x704</run_address>
         <size>0x77</size>
         <input_file_ref idref="fl-2"/>
      </object_component>
      <object_component id="oc-95">
         <name>.debug_line</name>
         <load_address>0x77b</load_address>
         <run_address>0x77b</run_address>
         <size>0x78</size>
         <input_file_ref idref="fl-2"/>
      </object_component>
      <object_component id="oc-90">
         <name>.debug_line</name>
         <load_address>0x7f3</load_address>
         <run_address>0x7f3</run_address>
         <size>0x72</size>
         <input_file_ref idref="fl-2"/>
      </object_component>
      <object_component id="oc-110">
         <name>.debug_line</name>
         <load_address>0x865</load_address>
         <run_address>0x865</run_address>
         <size>0x73</size>
         <input_file_ref idref="fl-2"/>
      </object_component>
      <object_component id="oc-11a">
         <name>.debug_line</name>
         <load_address>0x8d8</load_address>
         <run_address>0x8d8</run_address>
         <size>0x5f</size>
         <input_file_ref idref="fl-2"/>
      </object_component>
      <object_component id="oc-98">
         <name>.debug_line</name>
         <load_address>0x937</load_address>
         <run_address>0x937</run_address>
         <size>0x41</size>
         <input_file_ref idref="fl-3"/>
      </object_component>
      <object_component id="oc-36">
         <name>.debug_line</name>
         <load_address>0x978</load_address>
         <run_address>0x978</run_address>
         <size>0x41</size>
         <input_file_ref idref="fl-3"/>
      </object_component>
      <object_component id="oc-28">
         <name>.debug_line</name>
         <load_address>0x9b9</load_address>
         <run_address>0x9b9</run_address>
         <size>0xa1</size>
         <input_file_ref idref="fl-3"/>
      </object_component>
      <object_component id="oc-41">
         <name>.debug_line</name>
         <load_address>0xa5a</load_address>
         <run_address>0xa5a</run_address>
         <size>0x20</size>
         <input_file_ref idref="fl-3"/>
      </object_component>
      <object_component id="oc-306">
         <name>.debug_line</name>
         <load_address>0xa7a</load_address>
         <run_address>0xa7a</run_address>
         <size>0x133</size>
         <input_file_ref idref="fl-5"/>
      </object_component>
      <object_component id="oc-1bf">
         <name>.debug_line</name>
         <load_address>0xbad</load_address>
         <run_address>0xbad</run_address>
         <size>0x73</size>
         <input_file_ref idref="fl-5"/>
      </object_component>
      <object_component id="oc-1c9">
         <name>.debug_line</name>
         <load_address>0xc20</load_address>
         <run_address>0xc20</run_address>
         <size>0x63</size>
         <input_file_ref idref="fl-5"/>
      </object_component>
      <object_component id="oc-30a">
         <name>.debug_line</name>
         <load_address>0xc83</load_address>
         <run_address>0xc83</run_address>
         <size>0x45</size>
         <input_file_ref idref="fl-5"/>
      </object_component>
      <object_component id="oc-30f">
         <name>.debug_line</name>
         <load_address>0xcc8</load_address>
         <run_address>0xcc8</run_address>
         <size>0x67</size>
         <input_file_ref idref="fl-5"/>
      </object_component>
      <object_component id="oc-1ba">
         <name>.debug_line</name>
         <load_address>0xd2f</load_address>
         <run_address>0xd2f</run_address>
         <size>0x61</size>
         <input_file_ref idref="fl-5"/>
      </object_component>
      <object_component id="oc-291">
         <name>.debug_line</name>
         <load_address>0xd90</load_address>
         <run_address>0xd90</run_address>
         <size>0x20</size>
         <input_file_ref idref="fl-6"/>
      </object_component>
      <object_component id="oc-e5">
         <name>.debug_line</name>
         <load_address>0xdb0</load_address>
         <run_address>0xdb0</run_address>
         <size>0xf3</size>
         <input_file_ref idref="fl-6"/>
      </object_component>
      <object_component id="oc-2c5">
         <name>.debug_line</name>
         <load_address>0xea3</load_address>
         <run_address>0xea3</run_address>
         <size>0x151</size>
         <input_file_ref idref="fl-7"/>
      </object_component>
      <object_component id="oc-147">
         <name>.debug_line</name>
         <load_address>0xff4</load_address>
         <run_address>0xff4</run_address>
         <size>0x983</size>
         <input_file_ref idref="fl-7"/>
      </object_component>
      <object_component id="oc-2c9">
         <name>.debug_line</name>
         <load_address>0x1977</load_address>
         <run_address>0x1977</run_address>
         <size>0x3e</size>
         <input_file_ref idref="fl-7"/>
      </object_component>
      <object_component id="oc-233">
         <name>.debug_line</name>
         <load_address>0x19b5</load_address>
         <run_address>0x19b5</run_address>
         <size>0x60</size>
         <input_file_ref idref="fl-7"/>
      </object_component>
      <object_component id="oc-137">
         <name>.debug_line</name>
         <load_address>0x1a15</load_address>
         <run_address>0x1a15</run_address>
         <size>0x73</size>
         <input_file_ref idref="fl-8"/>
      </object_component>
      <object_component id="oc-1b6">
         <name>.debug_line</name>
         <load_address>0x1a88</load_address>
         <run_address>0x1a88</run_address>
         <size>0x1a6</size>
         <input_file_ref idref="fl-9"/>
      </object_component>
      <object_component id="oc-d2">
         <name>.debug_line</name>
         <load_address>0x1c2e</load_address>
         <run_address>0x1c2e</run_address>
         <size>0x3e</size>
         <input_file_ref idref="fl-9"/>
      </object_component>
      <object_component id="oc-1d9">
         <name>.debug_line</name>
         <load_address>0x1c6c</load_address>
         <run_address>0x1c6c</run_address>
         <size>0x3e</size>
         <input_file_ref idref="fl-9"/>
      </object_component>
      <object_component id="oc-1fd">
         <name>.debug_line</name>
         <load_address>0x1caa</load_address>
         <run_address>0x1caa</run_address>
         <size>0x3e</size>
         <input_file_ref idref="fl-9"/>
      </object_component>
      <object_component id="oc-1ff">
         <name>.debug_line</name>
         <load_address>0x1ce8</load_address>
         <run_address>0x1ce8</run_address>
         <size>0x3e</size>
         <input_file_ref idref="fl-9"/>
      </object_component>
      <object_component id="oc-1dd">
         <name>.debug_line</name>
         <load_address>0x1d26</load_address>
         <run_address>0x1d26</run_address>
         <size>0x3e</size>
         <input_file_ref idref="fl-9"/>
      </object_component>
      <object_component id="oc-1f9">
         <name>.debug_line</name>
         <load_address>0x1d64</load_address>
         <run_address>0x1d64</run_address>
         <size>0x3e</size>
         <input_file_ref idref="fl-9"/>
      </object_component>
      <object_component id="oc-1db">
         <name>.debug_line</name>
         <load_address>0x1da2</load_address>
         <run_address>0x1da2</run_address>
         <size>0x3e</size>
         <input_file_ref idref="fl-9"/>
      </object_component>
      <object_component id="oc-1df">
         <name>.debug_line</name>
[...]
         <name>IntRegister</name>
         <value>0x63f7</value>
         <object_component_ref idref="oc-20f"/>
      </symbol>
      <symbol id="sm-91d">
         <name>IntPriorityGet</name>
         <value>0x64ff</value>
         <object_component_ref idref="oc-20f"/>
      </symbol>
      <symbol id="sm-91e">
         <name>IntMasterDisable</name>
         <value>0x63e7</value>
         <object_component_ref idref="oc-20f"/>
      </symbol>
      <symbol id="sm-91f">
         <name>IntUnregister</name>
         <value>0x6449</value>
         <object_component_ref idref="oc-20f"/>
      </symbol>
      <symbol id="sm-920">
         <name>IntPriorityMaskGet</name>
         <value>0x6757</value>
         <object_component_ref idref="oc-20f"/>
      </symbol>
      <symbol id="sm-921">
         <name>g_pfnRAMVectors</name>
         <value>0x20000000</value>
         <object_component_ref idref="oc-2a0"/>
      </symbol>
      <symbol id="sm-922">
         <name>IntMasterEnable</name>
         <value>0x63d7</value>
         <object_component_ref idref="oc-20f"/>
      </symbol>
      <symbol id="sm-923">
         <name>IntPendSet</name>
         <value>0x668d</value>
         <object_component_ref idref="oc-20f"/>
      </symbol>
      <symbol id="sm-9a4">
         <name>PWMGenFaultTriggerSet</name>
         <value>0x625d</value>
         <object_component_ref idref="oc-254"/>
      </symbol>
      <symbol id="sm-9a5">
         <name>PWMClockGet</name>
         <value>0x6337</value>
         <object_component_ref idref="oc-254"/>
      </symbol>
      <symbol id="sm-9a6">
         <name>PWMGenFaultClear</name>
         <value>0x62e1</value>
         <object_component_ref idref="oc-254"/>
      </symbol>
      <symbol id="sm-9a7">
         <name>PWMGenPeriodSet</name>
         <value>0x5d07</value>
         <object_component_ref idref="oc-254"/>
      </symbol>
      <symbol id="sm-9a8">
         <name>PWMGenIntStatus</name>
         <value>0x616b</value>
         <object_component_ref idref="oc-254"/>
      </symbol>
      <symbol id="sm-9a9">
         <name>PWMFaultIntRegister</name>
         <value>0x60f7</value>
         <object_component_ref idref="oc-254"/>
      </symbol>
      <symbol id="sm-9aa">
         <name>PWMGenIntTrigEnable</name>
         <value>0x612f</value>
         <object_component_ref idref="oc-254"/>
      </symbol>
      <symbol id="sm-9ab">
         <name>PWMGenFaultStatus</name>
         <value>0x62ab</value>
         <object_component_ref idref="oc-254"/>
      </symbol>
      <symbol id="sm-9ac">
         <name>PWMGenDisable</name>
         <value>0x5d7b</value>
         <object_component_ref idref="oc-254"/>
      </symbol>
      <symbol id="sm-9ad">
         <name>PWMDeadBandEnable</name>
         <value>0x5e29</value>
         <object_component_ref idref="oc-254"/>
      </symbol>
      <symbol id="sm-9ae">
         <name>PWMOutputUpdateMode</name>
         <value>0x6361</value>
         <object_component_ref idref="oc-254"/>
      </symbol>
      <symbol id="sm-9af">
         <name>PWMClockSet</name>
         <value>0x6317</value>
         <object_component_ref idref="oc-254"/>
      </symbol>
      <symbol id="sm-9b0">
         <name>PWMPulseWidthSet</name>
         <value>0x5d95</value>
         <object_component_ref idref="oc-254"/>
      </symbol>
      <symbol id="sm-9b1">
         <name>PWMFaultIntClearExt</name>
         <value>0x620f</value>
         <object_component_ref idref="oc-254"/>
      </symbol>
      <symbol id="sm-9b2">
         <name>PWMIntDisable</name>
         <value>0x61c5</value>
         <object_component_ref idref="oc-254"/>
      </symbol>
      <symbol id="sm-9b3">
         <name>PWMGenFaultConfigure</name>
         <value>0x622d</value>
         <object_component_ref idref="oc-254"/>
      </symbol>
      <symbol id="sm-9b4">
         <name>PWMOutputFaultLevel</name>
         <value>0x5f05</value>
         <object_component_ref idref="oc-254"/>
      </symbol>
      <symbol id="sm-9b5">
         <name>PWMGenFaultTriggerGet</name>
         <value>0x6287</value>
         <object_component_ref idref="oc-254"/>
      </symbol>
      <symbol id="sm-9b6">
         <name>PWMOutputFault</name>
         <value>0x5f37</value>
         <object_component_ref idref="oc-254"/>
      </symbol>
      <symbol id="sm-9b7">
         <name>PWMDeadBandDisable</name>
         <value>0x5e61</value>
         <object_component_ref idref="oc-254"/>
      </symbol>
      <symbol id="sm-9b8">
         <name>PWMGenIntUnregister</name>
         <value>0x6091</value>
         <object_component_ref idref="oc-254"/>
      </symbol>
      <symbol id="sm-9b9">
         <name>PWMGenIntClear</name>
         <value>0x6195</value>
         <object_component_ref idref="oc-254"/>
      </symbol>
      <symbol id="sm-9ba">
         <name>PWMSyncTimeBase</name>
         <value>0x5e8f</value>
         <object_component_ref idref="oc-254"/>
      </symbol>
      <symbol id="sm-9bb">
         <name>PWMGenPeriodGet</name>
         <value>0x5d37</value>
         <object_component_ref idref="oc-254"/>
      </symbol>
      <symbol id="sm-9bc">
         <name>PWMSyncUpdate</name>
         <value>0x5e7d</value>
         <object_component_ref idref="oc-254"/>
      </symbol>
      <symbol id="sm-9bd">
         <name>PWMGenIntRegister</name>
         <value>0x6069</value>
         <object_component_ref idref="oc-254"/>
      </symbol>
      <symbol id="sm-9be">
         <name>PWMOutputState</name>
         <value>0x5ea1</value>
         <object_component_ref idref="oc-254"/>
      </symbol>
      <symbol id="sm-9bf">
         <name>PWMGenEnable</name>
         <value>0x5d61</value>
         <object_component_ref idref="oc-254"/>
      </symbol>
      <symbol id="sm-9c0">
         <name>PWMFaultIntClear</name>
         <value>0x61dd</value>
         <object_component_ref idref="oc-254"/>
      </symbol>
      <symbol id="sm-9c1">
         <name>PWMIntStatus</name>
         <value>0x61ef</value>
         <object_component_ref idref="oc-254"/>
      </symbol>
      <symbol id="sm-9c2">
         <name>PWMIntEnable</name>
         <value>0x61ad</value>
         <object_component_ref idref="oc-254"/>
      </symbol>
      <symbol id="sm-9c3">
         <name>PWMGenConfigure</name>
         <value>0x5cbd</value>
         <object_component_ref idref="oc-254"/>
      </symbol>
      <symbol id="sm-9c4">
         <name>PWMGenIntTrigDisable</name>
         <value>0x614d</value>
         <object_component_ref idref="oc-254"/>
      </symbol>
      <symbol id="sm-9c5">
         <name>PWMPulseWidthGet</name>
         <value>0x5ddf</value>
         <object_component_ref idref="oc-254"/>
      </symbol>
      <symbol id="sm-9c6">
         <name>PWMOutputInvert</name>
         <value>0x5ed3</value>
         <object_component_ref idref="oc-254"/>
      </symbol>
      <symbol id="sm-9c7">
         <name>PWMFaultIntUnregister</name>
         <value>0x6115</value>
         <object_component_ref idref="oc-254"/>
      </symbol>
      <symbol id="sm-b0c">
         <name>SysCtlGPIOAHBEnable</name>
         <value>0x3dd3</value>
         <object_component_ref idref="oc-13d"/>
      </symbol>
      <symbol id="sm-b0d">
         <name>SysCtlIntRegister</name>
         <value>0x34b1</value>
         <object_component_ref idref="oc-13d"/>
      </symbol>
      <symbol id="sm-b0e">
         <name>SysCtlFlashSizeGet</name>
         <value>0x30f3</value>
         <object_component_ref idref="oc-13d"/>
      </symbol>
      <symbol id="sm-b0f">
         <name>SysCtlPeripheralDeepSleepEnable</name>
         <value>0x33c5</value>
         <object_component_ref idref="oc-13d"/>
      </symbol>
      <symbol id="sm-b10">
         <name>SysCtlLDODeepSleepGet</name>
         <value>0x3557</value>
         <object_component_ref idref="oc-13d"/>
      </symbol>
      <symbol id="sm-b11">
         <name>SysCtlFlashSectorSizeGet</name>
         <value>0x311f</value>
         <object_component_ref idref="oc-13d"/>
      </symbol>
      <symbol id="sm-b12">
         <name>SysCtlIntDisable</name>
         <value>0x34ed</value>
         <object_component_ref idref="oc-13d"/>
      </symbol>
      <symbol id="sm-b13">
         <name>SysCtlResetBehaviorGet</name>
         <value>0x363d</value>
         <object_component_ref idref="oc-13d"/>
      </symbol>
      <symbol id="sm-b14">
         <name>SysCtlPeripheralPresent</name>
         <value>0x3145</value>
         <object_component_ref idref="oc-13d"/>
      </symbol>
      <symbol id="sm-b15">
         <name>SysCtlDeepSleepClockSet</name>
         <value>0x3cfb</value>
         <object_component_ref idref="oc-13d"/>
      </symbol>
      <symbol id="sm-b16">
         <name>SysCtlClockSet</name>
         <value>0x3985</value>
         <object_component_ref idref="oc-13d"/>
      </symbol>
      <symbol id="sm-b17">
         <name>SysCtlAltClkConfig</name>
         <value>0x3f65</value>
         <object_component_ref idref="oc-13d"/>
      </symbol>
      <symbol id="sm-b18">
         <name>SysCtlPeripheralClockGating</name>
         <value>0x345d</value>
         <object_component_ref idref="oc-13d"/>
      </symbol>
      <symbol id="sm-b19">
         <name>SysCtlIntStatus</name>
         <value>0x3515</value>
         <object_component_ref idref="oc-13d"/>
      </symbol>
      <symbol id="sm-b1a">
         <name>SysCtlIntClear</name>
         <value>0x3505</value>
         <object_component_ref idref="oc-13d"/>
      </symbol>
      <symbol id="sm-b1b">
         <name>SysCtlVoltageEventStatus</name>
         <value>0x3e39</value>
         <object_component_ref idref="oc-13d"/>
      </symbol>
      <symbol id="sm-b1c">
         <name>SysCtlVoltageEventConfig</name>
         <value>0x3e29</value>
         <object_component_ref idref="oc-13d"/>
      </symbol>
      <symbol id="sm-b1d">
         <name>SysCtlResetCauseGet</name>
         <value>0x35ad</value>
         <object_component_ref idref="oc-13d"/>
      </symbol>
      <symbol id="sm-b1e">
         <name>SysCtlSleep</name>
         <value>0x3589</value>
         <object_component_ref idref="oc-13d"/>
      </symbol>
      <symbol id="sm-b1f">
         <name>SysCtlPWMClockGet</name>
         <value>0x3dbd</value>
         <object_component_ref idref="oc-13d"/>
      </symbol>
      <symbol id="sm-b20">
         <name>SysCtlDeepSleepPowerSet</name>
         <value>0x3571</value>
         <object_component_ref idref="oc-13d"/>
      </symbol>
      <symbol id="sm-b21">
         <name>SysCtlClockOutConfig</name>
         <value>0x3f49</value>
         <object_component_ref idref="oc-13d"/>
      </symbol>
      <symbol id="sm-b22">
         <name>SysCtlNMIStatus</name>
         <value>0x3f19</value>
         <object_component_ref idref="oc-13d"/>
      </symbol>
      <symbol id="sm-b23">
         <name>SysCtlDeepSleepClockConfigSet</name>
         <value>0x3d19</value>
         <object_component_ref idref="oc-13d"/>
      </symbol>
      <symbol id="sm-b24">
         <name>SysCtlDelay</name>
         <value>0x751f</value>
         <object_component_ref idref="oc-224"/>
      </symbol>
      <symbol id="sm-b25">
         <name>SysCtlVoltageEventClear</name>
         <value>0x3e45</value>
         <object_component_ref idref="oc-13d"/>
      </symbol>
      <symbol id="sm-b26">
         <name>SysCtlLDOSleepSet</name>
         <value>0x3531</value>
         <object_component_ref idref="oc-13d"/>
      </symbol>
      <symbol id="sm-b27">
         <name>SysCtlMOSCConfigSet</name>
         <value>0x35c7</value>
         <object_component_ref idref="oc-13d"/>
      </symbol>
      <symbol id="sm-b28">
         <name>SysCtlPeripheralEnable</name>
         <value>0x32c5</value>
         <object_component_ref idref="oc-13d"/>
      </symbol>
      <symbol id="sm-b29">
         <name>SysCtlIntEnable</name>
         <value>0x34d9</value>
         <object_component_ref idref="oc-13d"/>
      </symbol>
      <symbol id="sm-b2a">
         <name>SysCtlNMIClear</name>
         <value>0x3f2d</value>
         <object_component_ref idref="oc-13d"/>
      </symbol>
      <symbol id="sm-b2b">
         <name>SysCtlPeripheralPowerOff</name>
         <value>0x3201</value>
         <object_component_ref idref="oc-13d"/>
      </symbol>
      <symbol id="sm-b2c">
         <name>SysCtlSleepPowerSet</name>
         <value>0x355d</value>
         <object_component_ref idref="oc-13d"/>
      </symbol>
      <symbol id="sm-b2d">
         <name>SysCtlDeepSleep</name>
         <value>0x3591</value>
         <object_component_ref idref="oc-13d"/>
      </symbol>
      <symbol id="sm-b2e">
         <name>SysCtlLDODeepSleepSet</name>
         <value>0x3547</value>
         <object_component_ref idref="oc-13d"/>
      </symbol>
      <symbol id="sm-b2f">
         <name>SysCtlPeripheralPowerOn</name>
         <value>0x31c5</value>
         <object_component_ref idref="oc-13d"/>
      </symbol>
      <symbol id="sm-b30">
         <name>SysCtlPeripheralDeepSleepDisable</name>
         <value>0x3415</value>
         <object_component_ref idref="oc-13d"/>
      </symbol>
      <symbol id="sm-b31">
         <name>SysCtlPeripheralSleepDisable</name>
         <value>0x3389</value>
         <object_component_ref idref="oc-13d"/>
      </symbol>
      <symbol id="sm-b32">
         <name>SysCtlVCOGet</name>
         <value>0x3e5d</value>
         <object_component_ref idref="oc-13d"/>
      </symbol>
      <symbol id="sm-b33">
         <name>SysCtlResetBehaviorSet</name>
         <value>0x362d</value>
         <object_component_ref idref="oc-13d"/>
      </symbol>
      <symbol id="sm-b34">
         <name>SysCtlReset</name>
         <value>0x3581</value>
         <object_component_ref idref="oc-13d"/>
      </symbol>
      <symbol id="sm-b35">
         <name>SysCtlGPIOAHBDisable</name>
         <value>0x3def</value>
         <object_component_ref idref="oc-13d"/>
      </symbol>
      <symbol id="sm-b36">
         <name>SysCtlSRAMSizeGet</name>
         <value>0x30e9</value>
         <object_component_ref idref="oc-13d"/>
      </symbol>
      <symbol id="sm-b37">
         <name>SysCtlClockGet</name>
         <value>0x3b55</value>
         <object_component_ref idref="oc-13d"/>
      </symbol>
      <symbol id="sm-b38">
         <name>SysCtlPeripheralDisable</name>
         <value>0x3301</value>
         <object_component_ref idref="oc-13d"/>
      </symbol>
      <symbol id="sm-b39">
         <name>SysCtlPWMClockSet</name>
         <value>0x3da3</value>
         <object_component_ref idref="oc-13d"/>
      </symbol>
      <symbol id="sm-b3a">
         <name>SysCtlUSBPLLEnable</name>
         <value>0x3e0b</value>
         <object_component_ref idref="oc-13d"/>
      </symbol>
      <symbol id="sm-b3b">
         <name>SysCtlPeripheralSleepEnable</name>
         <value>0x3345</value>
         <object_component_ref idref="oc-13d"/>
      </symbol>
      <symbol id="sm-b3c">
         <name>SysCtlIntUnregister</name>
         <value>0x34c9</value>
         <object_component_ref idref="oc-13d"/>
      </symbol>
      <symbol id="sm-b3d">
         <name>SysCtlUSBPLLDisable</name>
         <value>0x3e17</value>
         <object_component_ref idref="oc-13d"/>
      </symbol>
      <symbol id="sm-b3e">
         <name>SysCtlPeripheralReady</name>
         <value>0x3185</value>
         <object_component_ref idref="oc-13d"/>
      </symbol>
      <symbol id="sm-b3f">
         <name>SysCtlPIOSCCalibrate</name>
         <value>0x35dd</value>
         <object_component_ref idref="oc-13d"/>
      </symbol>
      <symbol id="sm-b40">
         <name>SysCtlResetCauseClear</name>
         <value>0x35b3</value>
         <object_component_ref idref="oc-13d"/>
      </symbol>
      <symbol id="sm-b41">
         <name>SysCtlLDOSleepGet</name>
         <value>0x3541</value>
         <object_component_ref idref="oc-13d"/>
      </symbol>
      <symbol id="sm-b42">
         <name>SysCtlClockFreqSet</name>
         <value>0x368d</value>
         <object_component_ref idref="oc-13d"/>
      </symbol>
      <symbol id="sm-b43">
         <name>SysCtlPeripheralReset</name>
         <value>0x323d</value>
         <object_component_ref idref="oc-13d"/>
      </symbol>
      <symbol id="sm-b59">
         <name>__aeabi_memset</name>
         <value>0x72f3</value>
         <object_component_ref idref="oc-b3"/>
      </symbol>
      <symbol id="sm-b5a">
         <name>memset</name>
         <value>0x72f9</value>
         <object_component_ref idref="oc-b3"/>
      </symbol>
      <symbol id="sm-b5b">
         <name>__aeabi_memset8</name>
         <value>0x72f3</value>
         <object_component_ref idref="oc-b3"/>
      </symbol>
      <symbol id="sm-b5c">
         <name>__aeabi_memset4</name>
         <value>0x72f3</value>
         <object_component_ref idref="oc-b3"/>
      </symbol>
      <symbol id="sm-b5d">
         <name>__aeabi_memclr8</name>
         <value>0x72f1</value>
         <object_component_ref idref="oc-b3"/>
      </symbol>
      <symbol id="sm-b5e">
         <name>__aeabi_memclr4</name>
         <value>0x72f1</value>
         <object_component_ref idref="oc-b3"/>
      </symbol>
      <symbol id="sm-b5f">
         <name>__aeabi_memclr</name>
         <value>0x72f1</value>
         <object_component_ref idref="oc-b3"/>
      </symbol>
      <symbol id="sm-b7a">
         <name>memcpy</name>
         <value>0x7255</value>
         <object_component_ref idref="oc-43"/>
      </symbol>
      <symbol id="sm-b7b">
         <name>__aeabi_memcpy</name>
         <value>0x7255</value>
         <object_component_ref idref="oc-43"/>
      </symbol>
      <symbol id="sm-b7c">
         <name>__aeabi_memcpy8</name>
         <value>0x7255</value>
         <object_component_ref idref="oc-43"/>
      </symbol>
      <symbol id="sm-b7d">
         <name>__aeabi_memcpy4</name>
         <value>0x7255</value>
         <object_component_ref idref="oc-43"/>
      </symbol>
      <symbol id="sm-b8f">
         <name>__TI_zero_init</name>
         <value>0x7507</value>
         <object_component_ref idref="oc-55"/>
      </symbol>
      <symbol id="sm-ba6">
         <name>__TI_decompress_none</name>
         <value>0x74f9</value>
         <object_component_ref idref="oc-18"/>
      </symbol>
      <symbol id="sm-bc9">
         <name>__TI_decompress_lzss</name>
         <value>0x736b</value>
         <object_component_ref idref="oc-12"/>
      </symbol>
      <symbol id="sm-bd7">
         <name>strlen</name>
         <value>0x74e5</value>
         <object_component_ref idref="oc-fc"/>
      </symbol>
      <symbol id="sm-bea">
         <name>__stack</name>
         <value>0x20001dc0</value>
         <object_component_ref idref="oc-21"/>
      </symbol>
      <symbol id="sm-beb">
         <name>_c_int00_noargs</name>
         <value>0x74b1</value>
         <object_component_ref idref="oc-61"/>
      </symbol>
      <symbol id="sm-c13">
         <name>__TI_auto_init_nobinit_nopinit</name>
         <value>0x742d</value>
         <object_component_ref idref="oc-183"/>
      </symbol>
      <symbol id="sm-c1d">
         <name>_system_pre_init</name>
         <value>0x7525</value>
         <object_component_ref idref="oc-b9"/>
      </symbol>
      <symbol id="sm-c29">
         <name>C$$EXIT</name>
         <value>0x7529</value>
         <object_component_ref idref="oc-177"/>
      </symbol>
      <symbol id="sm-c2a">
         <name>abort</name>
         <value>0x7529</value>
         <object_component_ref idref="oc-177"/>
      </symbol>
      <symbol id="sm-c2d">
         <name>__TI_static_base__</name>
         <value>0x0</value>
      </symbol>
      <symbol id="sm-c30">
         <name>__mpu_init</name>
         <value>0x0</value>
      </symbol>
      <symbol id="sm-c31">
         <name>_system_post_cinit</name>
         <value>0x0</value>
      </symbol>
   </symbol_table>
   <title>Link successful</title>
</link_info>
